<html>
<body>
<pre>
<h1>µVision Build Log</h1>
<h2>Tool Versions:</h2>
IDE-Version: ¦ÌVision V5.38.0.0
Copyright (C) 2022 ARM Ltd and ARM Germany GmbH. All rights reserved.
License Information: 11 1, 1, LIC=585FJ-UR868-9UT4U-S86IQ-PD1AM-ENK9U
 
Tool Versions:
Toolchain:       MDK-ARM Plus  Version: 5.38.0.0
Toolchain Path:  D:\1_SoftWare\ProgramFile\keil\core\ARM\ARMCC\Bin
C Compiler:      Armcc.exe V5.06 update 7 (build 960)
Assembler:       Armasm.exe V5.06 update 7 (build 960)
Linker/Locator:  ArmLink.exe V5.06 update 7 (build 960)
Library Manager: ArmAr.exe V5.06 update 7 (build 960)
Hex Converter:   FromElf.exe V5.06 update 7 (build 960)
CPU DLL:         SARMCM3.DLL V5.38.0.0
Dialog DLL:      DCM.DLL V1.17.5.0
Target DLL:      STLink\ST-LINKIII-KEIL_SWO.dll V3.1.0.0
Dialog DLL:      TCM.DLL V1.56.4.0
 
<h2>Project:</h2>
D:\3_WorkProject\clap_robot\project\clap_central\MDK-ARM\clap_central.uvprojx
Project File Date:  09/18/2025

<h2>Output:</h2>
*** Using Compiler 'V5.06 update 7 (build 960)', folder: 'D:\1_SoftWare\ProgramFile\keil\core\ARM\ARMCC\Bin'
Build target 'clap_central'
assembling startup_stm32h723xx.s...
compiling dma.c...
compiling stm32h7xx_hal_cortex.c...
compiling usart.c...
compiling gpio.c...
compiling tim.c...
compiling stm32h7xx_it.c...
compiling stm32h7xx_hal_msp.c...
compiling freertos.c...
compiling main.c...
compiling stm32h7xx_hal_rcc.c...
compiling stm32h7xx_hal_rcc_ex.c...
compiling stm32h7xx_hal_gpio.c...
compiling stm32h7xx_hal_hsem.c...
compiling stm32h7xx_hal_flash.c...
compiling stm32h7xx_hal_flash_ex.c...
compiling stm32h7xx_hal_mdma.c...
compiling stm32h7xx_hal_pwr.c...
compiling stm32h7xx_hal_dma_ex.c...
compiling stm32h7xx_hal.c...
compiling croutine.c...
compiling stm32h7xx_hal_pwr_ex.c...
compiling event_groups.c...
compiling list.c...
compiling queue.c...
compiling stream_buffer.c...
compiling timers.c...
compiling tasks.c...
compiling heap_4.c...
compiling cmsis_os.c...
compiling port.c...
compiling stm32h7xx_hal_i2c.c...
compiling stm32h7xx_hal_dma.c...
compiling stm32h7xx_hal_i2c_ex.c...
compiling stm32h7xx_hal_uart_ex.c...
compiling stm32h7xx_hal_exti.c...
compiling system_stm32h7xx.c...
compiling stm32h7xx_hal_tim_ex.c...
compiling stm32h7xx_hal_uart.c...
compiling stm32h7xx_hal_tim.c...
linking...
Program Size: Code=22652 RO-data=852 RW-data=128 ZI-data=18368  
FromELF: creating hex file...
"clap_central\clap_central.axf" - 0 Error(s), 0 Warning(s).

<h2>Software Packages used:</h2>

Package Vendor: ARM
                http://www.keil.com/pack/ARM.CMSIS.5.9.0.pack
                ARM.CMSIS.5.9.0
                CMSIS (Common Microcontroller Software Interface Standard)
   * Component: CORE Version: 5.6.0

Package Vendor: Keil
                http://www.keil.com/pack/Keil.STM32H7xx_DFP.3.0.0.pack
                Keil.STM32H7xx_DFP.3.0.0
                STMicroelectronics STM32H7 Series Device Support and Examples

<h2>Collection of Component include folders:</h2>
  ./RTE/_clap_central
  D:/1_SoftWare/ProgramFile/keil/packs/ARM/CMSIS/5.9.0/CMSIS/Core/Include
  D:/1_SoftWare/ProgramFile/keil/packs/Keil/STM32H7xx_DFP/3.0.0/Drivers/CMSIS/Device/ST/STM32H7xx/Include

<h2>Collection of Component Files used:</h2>

   * Component: ARM::CMSIS:CORE:5.6.0
      Include file:  CMSIS/Core/Include/tz_context.h
Build Time Elapsed:  00:02:22
</pre>
</body>
</html>
