Component: ARM Compiler 5.06 update 7 (build 960) Tool: armlink [4d3601]

==============================================================================

Section Cross References

    startup_stm32h723xx.o(STACK) refers (Special) to heapauxi.o(.text) for __use_two_region_memory
    startup_stm32h723xx.o(HEAP) refers (Special) to heapauxi.o(.text) for __use_two_region_memory
    startup_stm32h723xx.o(RESET) refers (Special) to heapauxi.o(.text) for __use_two_region_memory
    startup_stm32h723xx.o(RESET) refers to startup_stm32h723xx.o(STACK) for __initial_sp
    startup_stm32h723xx.o(RESET) refers to startup_stm32h723xx.o(.text) for Reset_Handler
    startup_stm32h723xx.o(RESET) refers to stm32h7xx_it.o(i.NMI_Handler) for NMI_Handler
    startup_stm32h723xx.o(RESET) refers to stm32h7xx_it.o(i.HardFault_Handler) for HardFault_Handler
    startup_stm32h723xx.o(RESET) refers to stm32h7xx_it.o(i.MemManage_Handler) for MemManage_Handler
    startup_stm32h723xx.o(RESET) refers to stm32h7xx_it.o(i.BusFault_Handler) for BusFault_Handler
    startup_stm32h723xx.o(RESET) refers to stm32h7xx_it.o(i.UsageFault_Handler) for UsageFault_Handler
    startup_stm32h723xx.o(RESET) refers to port.o(.emb_text) for SVC_Handler
    startup_stm32h723xx.o(RESET) refers to stm32h7xx_it.o(i.DebugMon_Handler) for DebugMon_Handler
    startup_stm32h723xx.o(RESET) refers to stm32h7xx_it.o(i.SysTick_Handler) for SysTick_Handler
    startup_stm32h723xx.o(RESET) refers to stm32h7xx_it.o(i.DMA1_Stream0_IRQHandler) for DMA1_Stream0_IRQHandler
    startup_stm32h723xx.o(RESET) refers to stm32h7xx_it.o(i.DMA1_Stream1_IRQHandler) for DMA1_Stream1_IRQHandler
    startup_stm32h723xx.o(RESET) refers to stm32h7xx_it.o(i.USART1_IRQHandler) for USART1_IRQHandler
    startup_stm32h723xx.o(.text) refers (Special) to heapauxi.o(.text) for __use_two_region_memory
    startup_stm32h723xx.o(.text) refers to system_stm32h7xx.o(i.SystemInit) for SystemInit
    startup_stm32h723xx.o(.text) refers to __main.o(!!!main) for __main
    startup_stm32h723xx.o(.text) refers to startup_stm32h723xx.o(HEAP) for Heap_Mem
    startup_stm32h723xx.o(.text) refers to startup_stm32h723xx.o(STACK) for Stack_Mem
    main.o(i.SystemClock_Config) refers to rt_memclr_w.o(.text) for __aeabi_memclr4
    main.o(i.SystemClock_Config) refers to stm32h7xx_hal_pwr_ex.o(i.HAL_PWREx_ConfigSupply) for HAL_PWREx_ConfigSupply
    main.o(i.SystemClock_Config) refers to stm32h7xx_hal_rcc.o(i.HAL_RCC_OscConfig) for HAL_RCC_OscConfig
    main.o(i.SystemClock_Config) refers to stm32h7xx_hal_rcc.o(i.HAL_RCC_ClockConfig) for HAL_RCC_ClockConfig
    main.o(i.main) refers to stm32h7xx_hal_cortex.o(i.HAL_MPU_Disable) for HAL_MPU_Disable
    main.o(i.main) refers to stm32h7xx_hal_cortex.o(i.HAL_MPU_ConfigRegion) for HAL_MPU_ConfigRegion
    main.o(i.main) refers to stm32h7xx_hal_cortex.o(i.HAL_MPU_Enable) for HAL_MPU_Enable
    main.o(i.main) refers to stm32h7xx_hal.o(i.HAL_Init) for HAL_Init
    main.o(i.main) refers to main.o(i.SystemClock_Config) for SystemClock_Config
    main.o(i.main) refers to gpio.o(i.MX_GPIO_Init) for MX_GPIO_Init
    main.o(i.main) refers to dma.o(i.MX_DMA_Init) for MX_DMA_Init
    main.o(i.main) refers to usart.o(i.MX_USART1_UART_Init) for MX_USART1_UART_Init
    main.o(i.main) refers to tim.o(i.MX_TIM1_Init) for MX_TIM1_Init
    main.o(i.main) refers to tim.o(i.MX_TIM2_Init) for MX_TIM2_Init
    main.o(i.main) refers to freertos.o(i.MX_FREERTOS_Init) for MX_FREERTOS_Init
    main.o(i.main) refers to cmsis_os.o(i.osKernelStart) for osKernelStart
    freertos.o(i.MX_FREERTOS_Init) refers to rt_memcpy_w.o(.text) for __aeabi_memcpy4
    freertos.o(i.MX_FREERTOS_Init) refers to cmsis_os.o(i.osThreadCreate) for osThreadCreate
    freertos.o(i.MX_FREERTOS_Init) refers to freertos.o(.constdata) for .constdata
    freertos.o(i.MX_FREERTOS_Init) refers to freertos.o(.data) for .data
    freertos.o(i.StartDefaultTask) refers to cmsis_os.o(i.osDelay) for osDelay
    freertos.o(i.vApplicationGetIdleTaskMemory) refers to freertos.o(.bss) for .bss
    freertos.o(.constdata) refers to freertos.o(.conststring) for .conststring
    freertos.o(.constdata) refers to freertos.o(i.StartDefaultTask) for StartDefaultTask
    dma.o(i.MX_DMA_Init) refers to stm32h7xx_hal_cortex.o(i.HAL_NVIC_SetPriority) for HAL_NVIC_SetPriority
    dma.o(i.MX_DMA_Init) refers to stm32h7xx_hal_cortex.o(i.HAL_NVIC_EnableIRQ) for HAL_NVIC_EnableIRQ
    tim.o(i.HAL_TIM_IC_MspDeInit) refers to stm32h7xx_hal_gpio.o(i.HAL_GPIO_DeInit) for HAL_GPIO_DeInit
    tim.o(i.HAL_TIM_IC_MspInit) refers to rt_memclr_w.o(.text) for __aeabi_memclr4
    tim.o(i.HAL_TIM_IC_MspInit) refers to stm32h7xx_hal_gpio.o(i.HAL_GPIO_Init) for HAL_GPIO_Init
    tim.o(i.HAL_TIM_MspPostInit) refers to rt_memclr_w.o(.text) for __aeabi_memclr4
    tim.o(i.HAL_TIM_MspPostInit) refers to stm32h7xx_hal_gpio.o(i.HAL_GPIO_Init) for HAL_GPIO_Init
    tim.o(i.MX_TIM1_Init) refers to rt_memclr_w.o(.text) for __aeabi_memclr4
[...]
    .text                                    0x0800055a   Section      100  rt_memcpy_w.o(.text)
    .text                                    0x080005be   Section       78  rt_memclr_w.o(.text)
    .text                                    0x0800060c   Section        0  heapauxi.o(.text)
    .text                                    0x08000612   Section       74  sys_stackheap_outer.o(.text)
    .text                                    0x0800065c   Section        0  exit.o(.text)
    .text                                    0x08000670   Section        8  libspace.o(.text)
    .text                                    0x08000678   Section        0  sys_exit.o(.text)
    .text                                    0x08000684   Section        2  use_no_semi.o(.text)
    .text                                    0x08000686   Section        0  indicate_semi.o(.text)
    i.BusFault_Handler                       0x08000686   Section        0  stm32h7xx_it.o(i.BusFault_Handler)
    i.DMA1_Stream0_IRQHandler                0x08000688   Section        0  stm32h7xx_it.o(i.DMA1_Stream0_IRQHandler)
    i.DMA1_Stream1_IRQHandler                0x08000694   Section        0  stm32h7xx_it.o(i.DMA1_Stream1_IRQHandler)
    i.DMA_CalcBaseAndBitshift                0x080006a0   Section        0  stm32h7xx_hal_dma.o(i.DMA_CalcBaseAndBitshift)
    DMA_CalcBaseAndBitshift                  0x080006a1   Thumb Code   168  stm32h7xx_hal_dma.o(i.DMA_CalcBaseAndBitshift)
    i.DMA_CalcDMAMUXChannelBaseAndMask       0x08000754   Section        0  stm32h7xx_hal_dma.o(i.DMA_CalcDMAMUXChannelBaseAndMask)
    DMA_CalcDMAMUXChannelBaseAndMask         0x08000755   Thumb Code   138  stm32h7xx_hal_dma.o(i.DMA_CalcDMAMUXChannelBaseAndMask)
    i.DMA_CalcDMAMUXRequestGenBaseAndMask    0x080007f0   Section        0  stm32h7xx_hal_dma.o(i.DMA_CalcDMAMUXRequestGenBaseAndMask)
    DMA_CalcDMAMUXRequestGenBaseAndMask      0x080007f1   Thumb Code   104  stm32h7xx_hal_dma.o(i.DMA_CalcDMAMUXRequestGenBaseAndMask)
    i.DMA_CheckFifoParam                     0x08000864   Section        0  stm32h7xx_hal_dma.o(i.DMA_CheckFifoParam)
    DMA_CheckFifoParam                       0x08000865   Thumb Code    84  stm32h7xx_hal_dma.o(i.DMA_CheckFifoParam)
    i.DebugMon_Handler                       0x080008b8   Section        0  stm32h7xx_it.o(i.DebugMon_Handler)
    i.Error_Handler                          0x080008ba   Section        0  main.o(i.Error_Handler)
    i.HAL_DMA_Abort                          0x080008c0   Section        0  stm32h7xx_hal_dma.o(i.HAL_DMA_Abort)
    i.HAL_DMA_Abort_IT                       0x08000c20   Section        0  stm32h7xx_hal_dma.o(i.HAL_DMA_Abort_IT)
    i.HAL_DMA_IRQHandler                     0x08000ea4   Section        0  stm32h7xx_hal_dma.o(i.HAL_DMA_IRQHandler)
    i.HAL_DMA_Init                           0x0800158c   Section        0  stm32h7xx_hal_dma.o(i.HAL_DMA_Init)
    i.HAL_GPIO_Init                          0x08001948   Section        0  stm32h7xx_hal_gpio.o(i.HAL_GPIO_Init)
    i.HAL_GetTick                            0x08001b64   Section        0  stm32h7xx_hal.o(i.HAL_GetTick)
    i.HAL_IncTick                            0x08001b70   Section        0  stm32h7xx_hal.o(i.HAL_IncTick)
    i.HAL_Init                               0x08001b80   Section        0  stm32h7xx_hal.o(i.HAL_Init)
    i.HAL_InitTick                           0x08001bdc   Section        0  stm32h7xx_hal.o(i.HAL_InitTick)
    i.HAL_MPU_ConfigRegion                   0x08001c1c   Section        0  stm32h7xx_hal_cortex.o(i.HAL_MPU_ConfigRegion)
    i.HAL_MPU_Disable                        0x08001c78   Section        0  stm32h7xx_hal_cortex.o(i.HAL_MPU_Disable)
    i.HAL_MPU_Enable                         0x08001c94   Section        0  stm32h7xx_hal_cortex.o(i.HAL_MPU_Enable)
    i.HAL_MspInit                            0x08001cb8   Section        0  stm32h7xx_hal_msp.o(i.HAL_MspInit)
    i.HAL_NVIC_EnableIRQ                     0x08001cdc   Section        0  stm32h7xx_hal_cortex.o(i.HAL_NVIC_EnableIRQ)
    i.HAL_NVIC_SetPriority                   0x08001cf8   Section        0  stm32h7xx_hal_cortex.o(i.HAL_NVIC_SetPriority)
    i.HAL_NVIC_SetPriorityGrouping           0x08001d38   Section        0  stm32h7xx_hal_cortex.o(i.HAL_NVIC_SetPriorityGrouping)
    i.HAL_PWREx_ConfigSupply                 0x08001d5c   Section        0  stm32h7xx_hal_pwr_ex.o(i.HAL_PWREx_ConfigSupply)
    i.HAL_RCCEx_GetD3PCLK1Freq               0x08001db0   Section        0  stm32h7xx_hal_rcc_ex.o(i.HAL_RCCEx_GetD3PCLK1Freq)
    i.HAL_RCCEx_GetPLL2ClockFreq             0x08001dd4   Section        0  stm32h7xx_hal_rcc_ex.o(i.HAL_RCCEx_GetPLL2ClockFreq)
    i.HAL_RCCEx_GetPLL3ClockFreq             0x08001f18   Section        0  stm32h7xx_hal_rcc_ex.o(i.HAL_RCCEx_GetPLL3ClockFreq)
    i.HAL_RCCEx_PeriphCLKConfig              0x0800205c   Section        0  stm32h7xx_hal_rcc_ex.o(i.HAL_RCCEx_PeriphCLKConfig)
    i.HAL_RCC_ClockConfig                    0x08002998   Section        0  stm32h7xx_hal_rcc.o(i.HAL_RCC_ClockConfig)
    i.HAL_RCC_GetHCLKFreq                    0x08002bf4   Section        0  stm32h7xx_hal_rcc.o(i.HAL_RCC_GetHCLKFreq)
    i.HAL_RCC_GetPCLK1Freq                   0x08002c38   Section        0  stm32h7xx_hal_rcc.o(i.HAL_RCC_GetPCLK1Freq)
    i.HAL_RCC_GetPCLK2Freq                   0x08002c5c   Section        0  stm32h7xx_hal_rcc.o(i.HAL_RCC_GetPCLK2Freq)
    i.HAL_RCC_GetSysClockFreq                0x08002c80   Section        0  stm32h7xx_hal_rcc.o(i.HAL_RCC_GetSysClockFreq)
    i.HAL_RCC_OscConfig                      0x08002db8   Section        0  stm32h7xx_hal_rcc.o(i.HAL_RCC_OscConfig)
    i.HAL_SYSTICK_Config                     0x080032de   Section        0  stm32h7xx_hal_cortex.o(i.HAL_SYSTICK_Config)
    i.HAL_TIMEx_ConfigBreakDeadTime          0x08003304   Section        0  stm32h7xx_hal_tim_ex.o(i.HAL_TIMEx_ConfigBreakDeadTime)
    i.HAL_TIMEx_MasterConfigSynchronization  0x080033a4   Section        0  stm32h7xx_hal_tim_ex.o(i.HAL_TIMEx_MasterConfigSynchronization)
    i.HAL_TIM_IC_ConfigChannel               0x0800345c   Section        0  stm32h7xx_hal_tim.o(i.HAL_TIM_IC_ConfigChannel)
    i.HAL_TIM_IC_Init                        0x0800357e   Section        0  stm32h7xx_hal_tim.o(i.HAL_TIM_IC_Init)
    i.HAL_TIM_IC_MspInit                     0x080035e0   Section        0  tim.o(i.HAL_TIM_IC_MspInit)
    i.HAL_TIM_MspPostInit                    0x08003644   Section        0  tim.o(i.HAL_TIM_MspPostInit)
    i.HAL_TIM_PWM_ConfigChannel              0x08003698   Section        0  stm32h7xx_hal_tim.o(i.HAL_TIM_PWM_ConfigChannel)
    i.HAL_TIM_PWM_Init                       0x080037bc   Section        0  stm32h7xx_hal_tim.o(i.HAL_TIM_PWM_Init)
    i.HAL_TIM_PWM_MspInit                    0x08003820   Section        0  tim.o(i.HAL_TIM_PWM_MspInit)
    i.HAL_UARTEx_DisableFifoMode             0x08003848   Section        0  stm32h7xx_hal_uart_ex.o(i.HAL_UARTEx_DisableFifoMode)
    i.HAL_UARTEx_RxEventCallback             0x08003888   Section        0  stm32h7xx_hal_uart.o(i.HAL_UARTEx_RxEventCallback)
    i.HAL_UARTEx_RxFifoFullCallback          0x0800388a   Section        0  stm32h7xx_hal_uart_ex.o(i.HAL_UARTEx_RxFifoFullCallback)
    i.HAL_UARTEx_SetRxFifoThreshold          0x0800388c   Section        0  stm32h7xx_hal_uart_ex.o(i.HAL_UARTEx_SetRxFifoThreshold)
    i.HAL_UARTEx_SetTxFifoThreshold          0x080038d8   Section        0  stm32h7xx_hal_uart_ex.o(i.HAL_UARTEx_SetTxFifoThreshold)
    i.HAL_UARTEx_TxFifoEmptyCallback         0x08003924   Section        0  stm32h7xx_hal_uart_ex.o(i.HAL_UARTEx_TxFifoEmptyCallback)
    i.HAL_UARTEx_WakeupCallback              0x08003926   Section        0  stm32h7xx_hal_uart_ex.o(i.HAL_UARTEx_WakeupCallback)
    i.HAL_UART_ErrorCallback                 0x08003928   Section        0  stm32h7xx_hal_uart.o(i.HAL_UART_ErrorCallback)
    i.HAL_UART_IRQHandler                    0x0800392c   Section        0  stm32h7xx_hal_uart.o(i.HAL_UART_IRQHandler)
    i.HAL_UART_Init                          0x08003cb4   Section        0  stm32h7xx_hal_uart.o(i.HAL_UART_Init)
    i.HAL_UART_MspInit                       0x08003d20   Section        0  usart.o(i.HAL_UART_MspInit)
    i.HAL_UART_TxCpltCallback                0x08003e1c   Section        0  stm32h7xx_hal_uart.o(i.HAL_UART_TxCpltCallback)
    i.HardFault_Handler                      0x08003e1e   Section        0  stm32h7xx_it.o(i.HardFault_Handler)
    i.MX_DMA_Init                            0x08003e20   Section        0  dma.o(i.MX_DMA_Init)
    i.MX_FREERTOS_Init                       0x08003e5c   Section        0  freertos.o(i.MX_FREERTOS_Init)
    i.MX_GPIO_Init                           0x08003e84   Section        0  gpio.o(i.MX_GPIO_Init)
    i.MX_TIM1_Init                           0x08003ec0   Section        0  tim.o(i.MX_TIM1_Init)
    i.MX_TIM2_Init                           0x08003f7c   Section        0  tim.o(i.MX_TIM2_Init)
    i.MX_USART1_UART_Init                    0x08003ff4   Section        0  usart.o(i.MX_USART1_UART_Init)
    i.MemManage_Handler                      0x0800405c   Section        0  stm32h7xx_it.o(i.MemManage_Handler)
    i.NMI_Handler                            0x0800405e   Section        0  stm32h7xx_it.o(i.NMI_Handler)
    i.RCCEx_PLL2_Config                      0x08004060   Section        0  stm32h7xx_hal_rcc_ex.o(i.RCCEx_PLL2_Config)
    RCCEx_PLL2_Config                        0x08004061   Thumb Code   284  stm32h7xx_hal_rcc_ex.o(i.RCCEx_PLL2_Config)
    i.RCCEx_PLL3_Config                      0x08004180   Section        0  stm32h7xx_hal_rcc_ex.o(i.RCCEx_PLL3_Config)
    RCCEx_PLL3_Config                        0x08004181   Thumb Code   284  stm32h7xx_hal_rcc_ex.o(i.RCCEx_PLL3_Config)
    i.StartDefaultTask                       0x080042a0   Section        0  freertos.o(i.StartDefaultTask)
    i.SysTick_Handler                        0x080042a8   Section        0  stm32h7xx_it.o(i.SysTick_Handler)
    i.SystemClock_Config                     0x080042c0   Section        0  main.o(i.SystemClock_Config)
    i.SystemInit                             0x08004358   Section        0  system_stm32h7xx.o(i.SystemInit)
    i.TIM_Base_SetConfig                     0x08004418   Section        0  stm32h7xx_hal_tim.o(i.TIM_Base_SetConfig)
    i.TIM_OC1_SetConfig                      0x080044fc   Section        0  stm32h7xx_hal_tim.o(i.TIM_OC1_SetConfig)
    TIM_OC1_SetConfig                        0x080044fd   Thumb Code   140  stm32h7xx_hal_tim.o(i.TIM_OC1_SetConfig)
    i.TIM_OC2_SetConfig                      0x080045a0   Section        0  stm32h7xx_hal_tim.o(i.TIM_OC2_SetConfig)
    i.TIM_OC3_SetConfig                      0x08004638   Section        0  stm32h7xx_hal_tim.o(i.TIM_OC3_SetConfig)
    TIM_OC3_SetConfig                        0x08004639   Thumb Code   126  stm32h7xx_hal_tim.o(i.TIM_OC3_SetConfig)
    i.TIM_OC4_SetConfig                      0x080046d0   Section        0  stm32h7xx_hal_tim.o(i.TIM_OC4_SetConfig)
    TIM_OC4_SetConfig                        0x080046d1   Thumb Code    96  stm32h7xx_hal_tim.o(i.TIM_OC4_SetConfig)
    i.TIM_OC5_SetConfig                      0x08004748   Section        0  stm32h7xx_hal_tim.o(i.TIM_OC5_SetConfig)
    TIM_OC5_SetConfig                        0x08004749   Thumb Code    90  stm32h7xx_hal_tim.o(i.TIM_OC5_SetConfig)
    i.TIM_OC6_SetConfig                      0x080047bc   Section        0  stm32h7xx_hal_tim.o(i.TIM_OC6_SetConfig)
    TIM_OC6_SetConfig                        0x080047bd   Thumb Code    90  stm32h7xx_hal_tim.o(i.TIM_OC6_SetConfig)
    i.TIM_TI1_SetConfig                      0x08004830   Section        0  stm32h7xx_hal_tim.o(i.TIM_TI1_SetConfig)
    i.TIM_TI2_SetConfig                      0x080048c4   Section        0  stm32h7xx_hal_tim.o(i.TIM_TI2_SetConfig)
    TIM_TI2_SetConfig                        0x080048c5   Thumb Code    54  stm32h7xx_hal_tim.o(i.TIM_TI2_SetConfig)
    i.UARTEx_SetNbDataToProcess              0x080048fc   Section        0  stm32h7xx_hal_uart_ex.o(i.UARTEx_SetNbDataToProcess)
    UARTEx_SetNbDataToProcess                0x080048fd   Thumb Code    62  stm32h7xx_hal_uart_ex.o(i.UARTEx_SetNbDataToProcess)
    i.UART_AdvFeatureConfig                  0x08004940   Section        0  stm32h7xx_hal_uart.o(i.UART_AdvFeatureConfig)
    i.UART_CheckIdleState                    0x08004a08   Section        0  stm32h7xx_hal_uart.o(i.UART_CheckIdleState)
    i.UART_DMAAbortOnError                   0x08004ab2   Section        0  stm32h7xx_hal_uart.o(i.UART_DMAAbortOnError)
    UART_DMAAbortOnError                     0x08004ab3   Thumb Code    20  stm32h7xx_hal_uart.o(i.UART_DMAAbortOnError)
    i.UART_EndRxTransfer                     0x08004ac8   Section        0  stm32h7xx_hal_uart.o(i.UART_EndRxTransfer)
    UART_EndRxTransfer                       0x08004ac9   Thumb Code    78  stm32h7xx_hal_uart.o(i.UART_EndRxTransfer)
    i.UART_SetConfig                         0x08004b1c   Section        0  stm32h7xx_hal_uart.o(i.UART_SetConfig)
    i.UART_WaitOnFlagUntilTimeout            0x08004ef8   Section        0  stm32h7xx_hal_uart.o(i.UART_WaitOnFlagUntilTimeout)
    i.USART1_IRQHandler                      0x08004f8c   Section        0  stm32h7xx_it.o(i.USART1_IRQHandler)
    i.UsageFault_Handler                     0x08004f98   Section        0  stm32h7xx_it.o(i.UsageFault_Handler)
    i.__NVIC_SetPriority                     0x08004f9a   Section        0  stm32h7xx_hal_cortex.o(i.__NVIC_SetPriority)
    __NVIC_SetPriority                       0x08004f9b   Thumb Code    34  stm32h7xx_hal_cortex.o(i.__NVIC_SetPriority)
    i.main                                   0x08004fbc   Section        0  main.o(i.main)
    i.makeFreeRtosPriority                   0x0800502e   Section        0  cmsis_os.o(i.makeFreeRtosPriority)
    makeFreeRtosPriority                     0x0800502f   Thumb Code    14  cmsis_os.o(i.makeFreeRtosPriority)
    i.osDelay                                0x0800503c   Section        0  cmsis_os.o(i.osDelay)
    i.osKernelStart                          0x0800504a   Section        0  cmsis_os.o(i.osKernelStart)
    i.osThreadCreate                         0x08005054   Section        0  cmsis_os.o(i.osThreadCreate)
    i.prvAddCurrentTaskToDelayedList         0x080050a8   Section        0  tasks.o(i.prvAddCurrentTaskToDelayedList)
    prvAddCurrentTaskToDelayedList           0x080050a9   Thumb Code   102  tasks.o(i.prvAddCurrentTaskToDelayedList)
    i.prvAddNewTaskToReadyList               0x08005118   Section        0  tasks.o(i.prvAddNewTaskToReadyList)
    prvAddNewTaskToReadyList                 0x08005119   Thumb Code   194  tasks.o(i.prvAddNewTaskToReadyList)
    i.prvDeleteTCB                           0x080051e8   Section        0  tasks.o(i.prvDeleteTCB)
    prvDeleteTCB                             0x080051e9   Thumb Code    52  tasks.o(i.prvDeleteTCB)
    i.prvHeapInit                            0x0800521c   Section        0  heap_4.o(i.prvHeapInit)
    prvHeapInit                              0x0800521d   Thumb Code    70  heap_4.o(i.prvHeapInit)
    i.prvIdleTask                            0x0800526c   Section        0  tasks.o(i.prvIdleTask)
    prvIdleTask                              0x0800526d   Thumb Code    82  tasks.o(i.prvIdleTask)
    i.prvInitialiseNewTask                   0x080052cc   Section        0  tasks.o(i.prvInitialiseNewTask)
    prvInitialiseNewTask                     0x080052cd   Thumb Code   154  tasks.o(i.prvInitialiseNewTask)
    i.prvInsertBlockIntoFreeList             0x08005368   Section        0  heap_4.o(i.prvInsertBlockIntoFreeList)
    prvInsertBlockIntoFreeList               0x08005369   Thumb Code    72  heap_4.o(i.prvInsertBlockIntoFreeList)
    i.prvResetNextTaskUnblockTime            0x080053b4   Section        0  tasks.o(i.prvResetNextTaskUnblockTime)
    prvResetNextTaskUnblockTime              0x080053b5   Thumb Code    26  tasks.o(i.prvResetNextTaskUnblockTime)
    i.prvTaskExitError                       0x080053d4   Section        0  port.o(i.prvTaskExitError)
    prvTaskExitError                         0x080053d5   Thumb Code    36  port.o(i.prvTaskExitError)
    i.pvPortMalloc                           0x080053fc   Section        0  heap_4.o(i.pvPortMalloc)
    i.pxPortInitialiseStack                  0x080054d8   Section        0  port.o(i.pxPortInitialiseStack)
    i.uxListRemove                           0x08005508   Section        0  list.o(i.uxListRemove)
    i.vApplicationGetIdleTaskMemory          0x08005530   Section        0  freertos.o(i.vApplicationGetIdleTaskMemory)
    i.vListInitialise                        0x08005548   Section        0  list.o(i.vListInitialise)
    i.vListInitialiseItem                    0x0800555e   Section        0  list.o(i.vListInitialiseItem)
    i.vListInsert                            0x08005564   Section        0  list.o(i.vListInsert)
    i.vListInsertEnd                         0x08005594   Section        0  list.o(i.vListInsertEnd)
    i.vPortEnterCritical                     0x080055ac   Section        0  port.o(i.vPortEnterCritical)
    i.vPortExitCritical                      0x080055ec   Section        0  port.o(i.vPortExitCritical)
    i.vPortFree                              0x08005614   Section        0  heap_4.o(i.vPortFree)
    i.vPortSetupTimerInterrupt               0x08005678   Section        0  port.o(i.vPortSetupTimerInterrupt)
    i.vTaskDelay                             0x0800569c   Section        0  tasks.o(i.vTaskDelay)
    i.vTaskStartScheduler                    0x080056e8   Section        0  tasks.o(i.vTaskStartScheduler)
    i.vTaskSuspendAll                        0x08005754   Section        0  tasks.o(i.vTaskSuspendAll)
    i.vTaskSwitchContext                     0x08005764   Section        0  tasks.o(i.vTaskSwitchContext)
    i.xPortStartScheduler                    0x080057c0   Section        0  port.o(i.xPortStartScheduler)
    i.xPortSysTickHandler                    0x080058b4   Section        0  port.o(i.xPortSysTickHandler)
    i.xTaskCreate                            0x080058e0   Section        0  tasks.o(i.xTaskCreate)
    i.xTaskCreateStatic                      0x0800593a   Section        0  tasks.o(i.xTaskCreateStatic)
    i.xTaskGetSchedulerState                 0x08005990   Section        0  tasks.o(i.xTaskGetSchedulerState)
    i.xTaskIncrementTick                     0x080059ac   Section        0  tasks.o(i.xTaskIncrementTick)
    i.xTaskResumeAll                         0x08005a78   Section        0  tasks.o(i.xTaskResumeAll)
    x$fpl$fpinit                             0x08005b3c   Section       10  fpinit.o(x$fpl$fpinit)
    $v0                                      0x08005b3c   Number         0  fpinit.o(x$fpl$fpinit)
    .constdata                               0x08005b48   Section       28  freertos.o(.constdata)
    .constdata                               0x08005b64   Section        8  stm32h7xx_hal_dma.o(.constdata)
    flagBitshiftOffset                       0x08005b64   Data           8  stm32h7xx_hal_dma.o(.constdata)
    .constdata                               0x08005b6c   Section       24  stm32h7xx_hal_uart.o(.constdata)
    .constdata                               0x08005b84   Section       16  stm32h7xx_hal_uart_ex.o(.constdata)
    numerator                                0x08005b84   Data           8  stm32h7xx_hal_uart_ex.o(.constdata)
    denominator                              0x08005b8c   Data           8  stm32h7xx_hal_uart_ex.o(.constdata)
    .constdata                               0x08005b94   Section       16  system_stm32h7xx.o(.constdata)
    .conststring                             0x08005ba4   Section       12  freertos.o(.conststring)
    .data                                    0x24000000   Section        4  freertos.o(.data)
    .data                                    0x24000004   Section       12  stm32h7xx_hal.o(.data)
    .data                                    0x24000010   Section        8  system_stm32h7xx.o(.data)
    .data                                    0x24000018   Section       60  tasks.o(.data)
    uxDeletedTasksWaitingCleanUp             0x2400001c   Data           4  tasks.o(.data)
    uxCurrentNumberOfTasks                   0x24000020   Data           4  tasks.o(.data)
    xTickCount                               0x24000024   Data           4  tasks.o(.data)
    uxTopReadyPriority                       0x24000028   Data           4  tasks.o(.data)
    xSchedulerRunning                        0x2400002c   Data           4  tasks.o(.data)
    xPendedTicks                             0x24000030   Data           4  tasks.o(.data)
    xYieldPending                            0x24000034   Data           4  tasks.o(.data)
    xNumOfOverflows                          0x24000038   Data           4  tasks.o(.data)
    uxTaskNumber                             0x2400003c   Data           4  tasks.o(.data)
    xNextTaskUnblockTime                     0x24000040   Data           4  tasks.o(.data)
    xIdleTaskHandle                          0x24000044   Data           4  tasks.o(.data)
    uxSchedulerSuspended                     0x24000048   Data           4  tasks.o(.data)
    pxDelayedTaskList                        0x2400004c   Data           4  tasks.o(.data)
    pxOverflowDelayedTaskList                0x24000050   Data           4  tasks.o(.data)
    .data                                    0x24000054   Section       32  heap_4.o(.data)
    pxEnd                                    0x24000054   Data           4  heap_4.o(.data)
    xFreeBytesRemaining                      0x24000058   Data           4  heap_4.o(.data)
    xMinimumEverFreeBytesRemaining           0x2400005c   Data           4  heap_4.o(.data)
    xNumberOfSuccessfulAllocations           0x24000060   Data           4  heap_4.o(.data)
    xNumberOfSuccessfulFrees                 0x24000064   Data           4  heap_4.o(.data)
    xBlockAllocatedBit                       0x24000068   Data           4  heap_4.o(.data)
    xStart                                   0x2400006c   Data           8  heap_4.o(.data)
    .data                                    0x24000074   Section       12  port.o(.data)
    ucMaxSysCallPriority                     0x24000074   Data           1  port.o(.data)
    uxCriticalNesting                        0x24000078   Data           4  port.o(.data)
    ulMaxPRIGROUPValue                       0x2400007c   Data           4  port.o(.data)
    .bss                                     0x24000080   Section      596  freertos.o(.bss)
    xIdleTaskTCBBuffer                       0x24000080   Data          84  freertos.o(.bss)
    xIdleStack                               0x240000d4   Data         512  freertos.o(.bss)
    .bss                                     0x240002d4   Section      152  tim.o(.bss)
    .bss                                     0x2400036c   Section      388  usart.o(.bss)
    .bss                                     0x240004f0   Section      240  tasks.o(.bss)
    pxReadyTasksLists                        0x240004f0   Data         140  tasks.o(.bss)
    xDelayedTaskList1                        0x2400057c   Data          20  tasks.o(.bss)
    xDelayedTaskList2                        0x24000590   Data          20  tasks.o(.bss)
    xPendingReadyList                        0x240005a4   Data          20  tasks.o(.bss)
    xTasksWaitingTermination                 0x240005b8   Data          20  tasks.o(.bss)
    xSuspendedTaskList                       0x240005cc   Data          20  tasks.o(.bss)
    .bss                                     0x240005e0   Section    15360  heap_4.o(.bss)
    ucHeap                                   0x240005e0   Data       15360  heap_4.o(.bss)
    .bss                                     0x240041e0   Section       96  libspace.o(.bss)
    HEAP                                     0x24004240   Section      512  startup_stm32h723xx.o(HEAP)
    Heap_Mem                                 0x24004240   Data         512  startup_stm32h723xx.o(HEAP)
    STACK                                    0x24004440   Section     1024  startup_stm32h723xx.o(STACK)
    Stack_Mem                                0x24004440   Data        1024  startup_stm32h723xx.o(STACK)
    __initial_sp                             0x24004840   Data           0  startup_stm32h723xx.o(STACK)

    Global Symbols

    Symbol Name                              Value     Ov Type        Size  Object(Section)

    BuildAttributes$$THM_ISAv4$E$P$D$K$B$S$7EM$VFPv5_D16$PE$PLD8$A:L22UL41UL21$X:L11$S22US41US21$IEEE1$IW$USESV6$~STKCKD$USESV7$~SHL$OSPACE$ROPI$EBA8$UX$STANDARDLIB$REQ8$PRES8$EABIv2 0x00000000   Number         0  anon$$obj.o ABSOLUTE
    __ARM_use_no_argv                        0x00000000   Number         0  main.o ABSOLUTE
    __ARM_exceptions_init                     - Undefined Weak Reference
    __alloca_initialize                       - Undefined Weak Reference
    __arm_fini_                               - Undefined Weak Reference
    __arm_preinit_                            - Undefined Weak Reference
    __cpp_initialize__aeabi_                  - Undefined Weak Reference
    __cxa_finalize                            - Undefined Weak Reference
    __rt_locale                               - Undefined Weak Reference
    __sigvec_lookup                           - Undefined Weak Reference
    _atexit_init                              - Undefined Weak Reference
    _call_atexit_fns                          - Undefined Weak Reference
    _clock_init                               - Undefined Weak Reference
    _fp_trap_init                             - Undefined Weak Reference
    _fp_trap_shutdown                         - Undefined Weak Reference
    _get_lc_collate                           - Undefined Weak Reference
    _get_lc_ctype                             - Undefined Weak Reference
    _get_lc_monetary                          - Undefined Weak Reference
    _get_lc_numeric                           - Undefined Weak Reference
    _get_lc_time                              - Undefined Weak Reference
    _getenv_init                              - Undefined Weak Reference
    _handle_redirection                       - Undefined Weak Reference
    _init_alloc                               - Undefined Weak Reference
    _init_user_alloc                          - Undefined Weak Reference
    _initio                                   - Undefined Weak Reference
    _rand_init                                - Undefined Weak Reference
    _signal_finish                            - Undefined Weak Reference
    _signal_init                              - Undefined Weak Reference
    _terminate_alloc                          - Undefined Weak Reference
    _terminate_user_alloc                     - Undefined Weak Reference
    _terminateio                              - Undefined Weak Reference
    __Vectors_Size                           0x000002cc   Number         0  startup_stm32h723xx.o ABSOLUTE
    __Vectors                                0x08000000   Data           4  startup_stm32h723xx.o(RESET)
    __Vectors_End                            0x080002cc   Data           0  startup_stm32h723xx.o(RESET)
    __main                                   0x080002cd   Thumb Code     8  __main.o(!!!main)
    __scatterload                            0x080002d5   Thumb Code     0  __scatter.o(!!!scatter)
    __scatterload_rt2                        0x080002d5   Thumb Code    44  __scatter.o(!!!scatter)
    __scatterload_rt2_thumb_only             0x080002d5   Thumb Code     0  __scatter.o(!!!scatter)
    __scatterload_null                       0x080002e3   Thumb Code     0  __scatter.o(!!!scatter)
    __scatterload_copy                       0x08000309   Thumb Code    26  __scatter_copy.o(!!handler_copy)
    __scatterload_zeroinit                   0x08000325   Thumb Code    28  __scatter_zi.o(!!handler_zi)
    __rt_lib_init                            0x08000341   Thumb Code     0  libinit.o(.ARM.Collect$$libinit$$00000000)
    __rt_lib_init_fp_1                       0x08000343   Thumb Code     0  libinit2.o(.ARM.Collect$$libinit$$00000001)
    __rt_lib_init_alloca_1                   0x08000347   Thumb Code     0  libinit2.o(.ARM.Collect$$libinit$$0000002E)
    __rt_lib_init_argv_1                     0x08000347   Thumb Code     0  libinit2.o(.ARM.Collect$$libinit$$0000002C)
    __rt_lib_init_atexit_1                   0x08000347   Thumb Code     0  libinit2.o(.ARM.Collect$$libinit$$0000001B)
    __rt_lib_init_clock_1                    0x08000347   Thumb Code     0  libinit2.o(.ARM.Collect$$libinit$$00000021)
    __rt_lib_init_cpp_1                      0x08000347   Thumb Code     0  libinit2.o(.ARM.Collect$$libinit$$00000032)
    __rt_lib_init_exceptions_1               0x08000347   Thumb Code     0  libinit2.o(.ARM.Collect$$libinit$$00000030)
    __rt_lib_init_fp_trap_1                  0x08000347   Thumb Code     0  libinit2.o(.ARM.Collect$$libinit$$0000001F)
    __rt_lib_init_getenv_1                   0x08000347   Thumb Code     0  libinit2.o(.ARM.Collect$$libinit$$00000023)
    __rt_lib_init_heap_1                     0x08000347   Thumb Code     0  libinit2.o(.ARM.Collect$$libinit$$0000000A)
    __rt_lib_init_lc_collate_1               0x08000347   Thumb Code     0  libinit2.o(.ARM.Collect$$libinit$$00000011)
    __rt_lib_init_lc_ctype_1                 0x08000347   Thumb Code     0  libinit2.o(.ARM.Collect$$libinit$$00000013)
    __rt_lib_init_lc_monetary_1              0x08000347   Thumb Code     0  libinit2.o(.ARM.Collect$$libinit$$00000015)
    __rt_lib_init_lc_numeric_1               0x08000347   Thumb Code     0  libinit2.o(.ARM.Collect$$libinit$$00000017)
    __rt_lib_init_lc_time_1                  0x08000347   Thumb Code     0  libinit2.o(.ARM.Collect$$libinit$$00000019)
    __rt_lib_init_preinit_1                  0x08000347   Thumb Code     0  libinit2.o(.ARM.Collect$$libinit$$00000004)
    __rt_lib_init_rand_1                     0x08000347   Thumb Code     0  libinit2.o(.ARM.Collect$$libinit$$0000000E)
    __rt_lib_init_return                     0x08000347   Thumb Code     0  libinit2.o(.ARM.Collect$$libinit$$00000033)
    __rt_lib_init_signal_1                   0x08000347   Thumb Code     0  libinit2.o(.ARM.Collect$$libinit$$0000001D)
    __rt_lib_init_stdio_1                    0x08000347   Thumb Code     0  libinit2.o(.ARM.Collect$$libinit$$00000025)
    __rt_lib_init_user_alloc_1               0x08000347   Thumb Code     0  libinit2.o(.ARM.Collect$$libinit$$0000000C)
    __rt_lib_shutdown                        0x08000349   Thumb Code     0  libshutdown.o(.ARM.Collect$$libshutdown$$00000000)
    __rt_lib_shutdown_cpp_1                  0x0800034b   Thumb Code     0  libshutdown2.o(.ARM.Collect$$libshutdown$$00000004)
    __rt_lib_shutdown_fini_1                 0x0800034b   Thumb Code     0  libshutdown2.o(.ARM.Collect$$libshutdown$$00000002)
    __rt_lib_shutdown_fp_trap_1              0x0800034b   Thumb Code     0  libshutdown2.o(.ARM.Collect$$libshutdown$$00000009)
    __rt_lib_shutdown_heap_1                 0x0800034b   Thumb Code     0  libshutdown2.o(.ARM.Collect$$libshutdown$$00000011)
    __rt_lib_shutdown_return                 0x0800034b   Thumb Code     0  libshutdown2.o(.ARM.Collect$$libshutdown$$00000012)
    __rt_lib_shutdown_signal_1               0x0800034b   Thumb Code     0  libshutdown2.o(.ARM.Collect$$libshutdown$$0000000C)
    __rt_lib_shutdown_stdio_1                0x0800034b   Thumb Code     0  libshutdown2.o(.ARM.Collect$$libshutdown$$00000006)
    __rt_lib_shutdown_user_alloc_1           0x0800034b   Thumb Code     0  libshutdown2.o(.ARM.Collect$$libshutdown$$0000000E)
    __rt_entry                               0x0800034d   Thumb Code     0  __rtentry.o(.ARM.Collect$$rtentry$$00000000)
    __rt_entry_presh_1                       0x0800034d   Thumb Code     0  __rtentry2.o(.ARM.Collect$$rtentry$$00000002)
    __rt_entry_sh                            0x0800034d   Thumb Code     0  __rtentry4.o(.ARM.Collect$$rtentry$$00000004)
    __rt_entry_li                            0x08000353   Thumb Code     0  __rtentry2.o(.ARM.Collect$$rtentry$$0000000A)
    __rt_entry_postsh_1                      0x08000353   Thumb Code     0  __rtentry2.o(.ARM.Collect$$rtentry$$00000009)
    __rt_entry_main                          0x08000357   Thumb Code     0  __rtentry2.o(.ARM.Collect$$rtentry$$0000000D)
    __rt_entry_postli_1                      0x08000357   Thumb Code     0  __rtentry2.o(.ARM.Collect$$rtentry$$0000000C)
    __rt_exit                                0x0800035f   Thumb Code     0  rtexit.o(.ARM.Collect$$rtexit$$00000000)
    __rt_exit_ls                             0x08000361   Thumb Code     0  rtexit2.o(.ARM.Collect$$rtexit$$00000003)
    __rt_exit_prels_1                        0x08000361   Thumb Code     0  rtexit2.o(.ARM.Collect$$rtexit$$00000002)
    __rt_exit_exit                           0x08000365   Thumb Code     0  rtexit2.o(.ARM.Collect$$rtexit$$00000004)
    SVC_Handler                              0x0800036d   Thumb Code    28  port.o(.emb_text)
    __asm___6_port_c_39a90d8d__prvStartFirstTask 0x0800038d   Thumb Code    36  port.o(.emb_text)
    __asm___6_port_c_39a90d8d__prvEnableVFP  0x080003b5   Thumb Code    16  port.o(.emb_text)
    PendSV_Handler                           0x080003c9   Thumb Code    88  port.o(.emb_text)
    vPortGetIPSR                             0x08000425   Thumb Code     6  port.o(.emb_text)
    Reset_Handler                            0x0800042d   Thumb Code     8  startup_stm32h723xx.o(.text)
    ADC3_IRQHandler                          0x08000447   Thumb Code     0  startup_stm32h723xx.o(.text)
    ADC_IRQHandler                           0x08000447   Thumb Code     0  startup_stm32h723xx.o(.text)
    BDMA_Channel0_IRQHandler                 0x08000447   Thumb Code     0  startup_stm32h723xx.o(.text)
    BDMA_Channel1_IRQHandler                 0x08000447   Thumb Code     0  startup_stm32h723xx.o(.text)
    BDMA_Channel2_IRQHandler                 0x08000447   Thumb Code     0  startup_stm32h723xx.o(.text)
    BDMA_Channel3_IRQHandler                 0x08000447   Thumb Code     0  startup_stm32h723xx.o(.text)
    BDMA_Channel4_IRQHandler                 0x08000447   Thumb Code     0  startup_stm32h723xx.o(.text)
    BDMA_Channel5_IRQHandler                 0x08000447   Thumb Code     0  startup_stm32h723xx.o(.text)
    BDMA_Channel6_IRQHandler                 0x08000447   Thumb Code     0  startup_stm32h723xx.o(.text)
    BDMA_Channel7_IRQHandler                 0x08000447   Thumb Code     0  startup_stm32h723xx.o(.text)
    CEC_IRQHandler                           0x08000447   Thumb Code     0  startup_stm32h723xx.o(.text)
    COMP1_IRQHandler                         0x08000447   Thumb Code     0  startup_stm32h723xx.o(.text)
    CORDIC_IRQHandler                        0x08000447   Thumb Code     0  startup_stm32h723xx.o(.text)
    CRS_IRQHandler                           0x08000447   Thumb Code     0  startup_stm32h723xx.o(.text)
    DCMI_PSSI_IRQHandler                     0x08000447   Thumb Code     0  startup_stm32h723xx.o(.text)
    DFSDM1_FLT0_IRQHandler                   0x08000447   Thumb Code     0  startup_stm32h723xx.o(.text)
    DFSDM1_FLT1_IRQHandler                   0x08000447   Thumb Code     0  startup_stm32h723xx.o(.text)
    DFSDM1_FLT2_IRQHandler                   0x08000447   Thumb Code     0  startup_stm32h723xx.o(.text)
    DFSDM1_FLT3_IRQHandler                   0x08000447   Thumb Code     0  startup_stm32h723xx.o(.text)
    DMA1_Stream2_IRQHandler                  0x08000447   Thumb Code     0  startup_stm32h723xx.o(.text)
    DMA1_Stream3_IRQHandler                  0x08000447   Thumb Code     0  startup_stm32h723xx.o(.text)
    DMA1_Stream4_IRQHandler                  0x08000447   Thumb Code     0  startup_stm32h723xx.o(.text)
    DMA1_Stream5_IRQHandler                  0x08000447   Thumb Code     0  startup_stm32h723xx.o(.text)
    DMA1_Stream6_IRQHandler                  0x08000447   Thumb Code     0  startup_stm32h723xx.o(.text)
    DMA1_Stream7_IRQHandler                  0x08000447   Thumb Code     0  startup_stm32h723xx.o(.text)
    DMA2D_IRQHandler                         0x08000447   Thumb Code     0  startup_stm32h723xx.o(.text)
    DMA2_Stream0_IRQHandler                  0x08000447   Thumb Code     0  startup_stm32h723xx.o(.text)
    DMA2_Stream1_IRQHandler                  0x08000447   Thumb Code     0  startup_stm32h723xx.o(.text)
    DMA2_Stream2_IRQHandler                  0x08000447   Thumb Code     0  startup_stm32h723xx.o(.text)
    DMA2_Stream3_IRQHandler                  0x08000447   Thumb Code     0  startup_stm32h723xx.o(.text)
    DMA2_Stream4_IRQHandler                  0x08000447   Thumb Code     0  startup_stm32h723xx.o(.text)
    DMA2_Stream5_IRQHandler                  0x08000447   Thumb Code     0  startup_stm32h723xx.o(.text)
    DMA2_Stream6_IRQHandler                  0x08000447   Thumb Code     0  startup_stm32h723xx.o(.text)
    DMA2_Stream7_IRQHandler                  0x08000447   Thumb Code     0  startup_stm32h723xx.o(.text)
    DMAMUX1_OVR_IRQHandler                   0x08000447   Thumb Code     0  startup_stm32h723xx.o(.text)
    DMAMUX2_OVR_IRQHandler                   0x08000447   Thumb Code     0  startup_stm32h723xx.o(.text)
    DTS_IRQHandler                           0x08000447   Thumb Code     0  startup_stm32h723xx.o(.text)
    ECC_IRQHandler                           0x08000447   Thumb Code     0  startup_stm32h723xx.o(.text)
    ETH_IRQHandler                           0x08000447   Thumb Code     0  startup_stm32h723xx.o(.text)
    ETH_WKUP_IRQHandler                      0x08000447   Thumb Code     0  startup_stm32h723xx.o(.text)
    EXTI0_IRQHandler                         0x08000447   Thumb Code     0  startup_stm32h723xx.o(.text)
    EXTI15_10_IRQHandler                     0x08000447   Thumb Code     0  startup_stm32h723xx.o(.text)
    EXTI1_IRQHandler                         0x08000447   Thumb Code     0  startup_stm32h723xx.o(.text)
    EXTI2_IRQHandler                         0x08000447   Thumb Code     0  startup_stm32h723xx.o(.text)
    EXTI3_IRQHandler                         0x08000447   Thumb Code     0  startup_stm32h723xx.o(.text)
    EXTI4_IRQHandler                         0x08000447   Thumb Code     0  startup_stm32h723xx.o(.text)
    EXTI9_5_IRQHandler                       0x08000447   Thumb Code     0  startup_stm32h723xx.o(.text)
    FDCAN1_IT0_IRQHandler                    0x08000447   Thumb Code     0  startup_stm32h723xx.o(.text)
    FDCAN1_IT1_IRQHandler                    0x08000447   Thumb Code     0  startup_stm32h723xx.o(.text)
    FDCAN2_IT0_IRQHandler                    0x08000447   Thumb Code     0  startup_stm32h723xx.o(.text)
    FDCAN2_IT1_IRQHandler                    0x08000447   Thumb Code     0  startup_stm32h723xx.o(.text)
    FDCAN3_IT0_IRQHandler                    0x08000447   Thumb Code     0  startup_stm32h723xx.o(.text)
    FDCAN3_IT1_IRQHandler                    0x08000447   Thumb Code     0  startup_stm32h723xx.o(.text)
    FDCAN_CAL_IRQHandler                     0x08000447   Thumb Code     0  startup_stm32h723xx.o(.text)
    FLASH_IRQHandler                         0x08000447   Thumb Code     0  startup_stm32h723xx.o(.text)
    FMAC_IRQHandler                          0x08000447   Thumb Code     0  startup_stm32h723xx.o(.text)
    FMC_IRQHandler                           0x08000447   Thumb Code     0  startup_stm32h723xx.o(.text)
    FPU_IRQHandler                           0x08000447   Thumb Code     0  startup_stm32h723xx.o(.text)
    HSEM1_IRQHandler                         0x08000447   Thumb Code     0  startup_stm32h723xx.o(.text)
    I2C1_ER_IRQHandler                       0x08000447   Thumb Code     0  startup_stm32h723xx.o(.text)
    I2C1_EV_IRQHandler                       0x08000447   Thumb Code     0  startup_stm32h723xx.o(.text)
    I2C2_ER_IRQHandler                       0x08000447   Thumb Code     0  startup_stm32h723xx.o(.text)
    I2C2_EV_IRQHandler                       0x08000447   Thumb Code     0  startup_stm32h723xx.o(.text)
    I2C3_ER_IRQHandler                       0x08000447   Thumb Code     0  startup_stm32h723xx.o(.text)
    I2C3_EV_IRQHandler                       0x08000447   Thumb Code     0  startup_stm32h723xx.o(.text)
    I2C4_ER_IRQHandler                       0x08000447   Thumb Code     0  startup_stm32h723xx.o(.text)
    I2C4_EV_IRQHandler                       0x08000447   Thumb Code     0  startup_stm32h723xx.o(.text)
    I2C5_ER_IRQHandler                       0x08000447   Thumb Code     0  startup_stm32h723xx.o(.text)
    I2C5_EV_IRQHandler                       0x08000447   Thumb Code     0  startup_stm32h723xx.o(.text)
    LPTIM1_IRQHandler                        0x08000447   Thumb Code     0  startup_stm32h723xx.o(.text)
    LPTIM2_IRQHandler                        0x08000447   Thumb Code     0  startup_stm32h723xx.o(.text)
    LPTIM3_IRQHandler                        0x08000447   Thumb Code     0  startup_stm32h723xx.o(.text)
    LPTIM4_IRQHandler                        0x08000447   Thumb Code     0  startup_stm32h723xx.o(.text)
    LPTIM5_IRQHandler                        0x08000447   Thumb Code     0  startup_stm32h723xx.o(.text)
    LPUART1_IRQHandler                       0x08000447   Thumb Code     0  startup_stm32h723xx.o(.text)
    LTDC_ER_IRQHandler                       0x08000447   Thumb Code     0  startup_stm32h723xx.o(.text)
    LTDC_IRQHandler                          0x08000447   Thumb Code     0  startup_stm32h723xx.o(.text)
    MDIOS_IRQHandler                         0x08000447   Thumb Code     0  startup_stm32h723xx.o(.text)
    MDIOS_WKUP_IRQHandler                    0x08000447   Thumb Code     0  startup_stm32h723xx.o(.text)
    MDMA_IRQHandler                          0x08000447   Thumb Code     0  startup_stm32h723xx.o(.text)
    OCTOSPI1_IRQHandler                      0x08000447   Thumb Code     0  startup_stm32h723xx.o(.text)
    OCTOSPI2_IRQHandler                      0x08000447   Thumb Code     0  startup_stm32h723xx.o(.text)
    OTG_HS_EP1_IN_IRQHandler                 0x08000447   Thumb Code     0  startup_stm32h723xx.o(.text)
    OTG_HS_EP1_OUT_IRQHandler                0x08000447   Thumb Code     0  startup_stm32h723xx.o(.text)
    OTG_HS_IRQHandler                        0x08000447   Thumb Code     0  startup_stm32h723xx.o(.text)
    OTG_HS_WKUP_IRQHandler                   0x08000447   Thumb Code     0  startup_stm32h723xx.o(.text)
    PVD_AVD_IRQHandler                       0x08000447   Thumb Code     0  startup_stm32h723xx.o(.text)
    RCC_IRQHandler                           0x08000447   Thumb Code     0  startup_stm32h723xx.o(.text)
    RNG_IRQHandler                           0x08000447   Thumb Code     0  startup_stm32h723xx.o(.text)
    RTC_Alarm_IRQHandler                     0x08000447   Thumb Code     0  startup_stm32h723xx.o(.text)
    RTC_WKUP_IRQHandler                      0x08000447   Thumb Code     0  startup_stm32h723xx.o(.text)
    SAI1_IRQHandler                          0x08000447   Thumb Code     0  startup_stm32h723xx.o(.text)
    SAI4_IRQHandler                          0x08000447   Thumb Code     0  startup_stm32h723xx.o(.text)
    SDMMC1_IRQHandler                        0x08000447   Thumb Code     0  startup_stm32h723xx.o(.text)
    SDMMC2_IRQHandler                        0x08000447   Thumb Code     0  startup_stm32h723xx.o(.text)
    SPDIF_RX_IRQHandler                      0x08000447   Thumb Code     0  startup_stm32h723xx.o(.text)
    SPI1_IRQHandler                          0x08000447   Thumb Code     0  startup_stm32h723xx.o(.text)
    SPI2_IRQHandler                          0x08000447   Thumb Code     0  startup_stm32h723xx.o(.text)
    SPI3_IRQHandler                          0x08000447   Thumb Code     0  startup_stm32h723xx.o(.text)
    SPI4_IRQHandler                          0x08000447   Thumb Code     0  startup_stm32h723xx.o(.text)
    SPI5_IRQHandler                          0x08000447   Thumb Code     0  startup_stm32h723xx.o(.text)
    SPI6_IRQHandler                          0x08000447   Thumb Code     0  startup_stm32h723xx.o(.text)
    SWPMI1_IRQHandler                        0x08000447   Thumb Code     0  startup_stm32h723xx.o(.text)
    TAMP_STAMP_IRQHandler                    0x08000447   Thumb Code     0  startup_stm32h723xx.o(.text)
    TIM15_IRQHandler                         0x08000447   Thumb Code     0  startup_stm32h723xx.o(.text)
    TIM16_IRQHandler                         0x08000447   Thumb Code     0  startup_stm32h723xx.o(.text)
    TIM17_IRQHandler                         0x08000447   Thumb Code     0  startup_stm32h723xx.o(.text)
    TIM1_BRK_IRQHandler                      0x08000447   Thumb Code     0  startup_stm32h723xx.o(.text)
    TIM1_CC_IRQHandler                       0x08000447   Thumb Code     0  startup_stm32h723xx.o(.text)
    TIM1_TRG_COM_IRQHandler                  0x08000447   Thumb Code     0  startup_stm32h723xx.o(.text)
    TIM1_UP_IRQHandler                       0x08000447   Thumb Code     0  startup_stm32h723xx.o(.text)
    TIM23_IRQHandler                         0x08000447   Thumb Code     0  startup_stm32h723xx.o(.text)
    TIM24_IRQHandler                         0x08000447   Thumb Code     0  startup_stm32h723xx.o(.text)
    TIM2_IRQHandler                          0x08000447   Thumb Code     0  startup_stm32h723xx.o(.text)
    TIM3_IRQHandler                          0x08000447   Thumb Code     0  startup_stm32h723xx.o(.text)
    TIM4_IRQHandler                          0x08000447   Thumb Code     0  startup_stm32h723xx.o(.text)
    TIM5_IRQHandler                          0x08000447   Thumb Code     0  startup_stm32h723xx.o(.text)
    TIM6_DAC_IRQHandler                      0x08000447   Thumb Code     0  startup_stm32h723xx.o(.text)
    TIM7_IRQHandler                          0x08000447   Thumb Code     0  startup_stm32h723xx.o(.text)
    TIM8_BRK_TIM12_IRQHandler                0x08000447   Thumb Code     0  startup_stm32h723xx.o(.text)
    TIM8_CC_IRQHandler                       0x08000447   Thumb Code     0  startup_stm32h723xx.o(.text)
    TIM8_TRG_COM_TIM14_IRQHandler            0x08000447   Thumb Code     0  startup_stm32h723xx.o(.text)
    TIM8_UP_TIM13_IRQHandler                 0x08000447   Thumb Code     0  startup_stm32h723xx.o(.text)
    UART4_IRQHandler                         0x08000447   Thumb Code     0  startup_stm32h723xx.o(.text)
    UART5_IRQHandler                         0x08000447   Thumb Code     0  startup_stm32h723xx.o(.text)
    UART7_IRQHandler                         0x08000447   Thumb Code     0  startup_stm32h723xx.o(.text)
    UART8_IRQHandler                         0x08000447   Thumb Code     0  startup_stm32h723xx.o(.text)
    UART9_IRQHandler                         0x08000447   Thumb Code     0  startup_stm32h723xx.o(.text)
    USART10_IRQHandler                       0x08000447   Thumb Code     0  startup_stm32h723xx.o(.text)
    USART2_IRQHandler                        0x08000447   Thumb Code     0  startup_stm32h723xx.o(.text)
    USART3_IRQHandler                        0x08000447   Thumb Code     0  startup_stm32h723xx.o(.text)
    USART6_IRQHandler                        0x08000447   Thumb Code     0  startup_stm32h723xx.o(.text)
    WAKEUP_PIN_IRQHandler                    0x08000447   Thumb Code     0  startup_stm32h723xx.o(.text)
    WWDG_IRQHandler                          0x08000447   Thumb Code     0  startup_stm32h723xx.o(.text)
    __user_initial_stackheap                 0x08000449   Thumb Code     0  startup_stm32h723xx.o(.text)
    __aeabi_uldivmod                         0x0800046d   Thumb Code     0  lludivv7m.o(.text)
    _ll_udiv                                 0x0800046d   Thumb Code   238  lludivv7m.o(.text)
    __aeabi_memcpy4                          0x0800055b   Thumb Code     0  rt_memcpy_w.o(.text)
    __aeabi_memcpy8                          0x0800055b   Thumb Code     0  rt_memcpy_w.o(.text)
    __rt_memcpy_w                            0x0800055b   Thumb Code   100  rt_memcpy_w.o(.text)
    _memcpy_lastbytes_aligned                0x080005a3   Thumb Code     0  rt_memcpy_w.o(.text)
    __aeabi_memclr4                          0x080005bf   Thumb Code     0  rt_memclr_w.o(.text)
    __aeabi_memclr8                          0x080005bf   Thumb Code     0  rt_memclr_w.o(.text)
    __rt_memclr_w                            0x080005bf   Thumb Code    78  rt_memclr_w.o(.text)
    _memset_w                                0x080005c3   Thumb Code     0  rt_memclr_w.o(.text)
    __use_two_region_memory                  0x0800060d   Thumb Code     2  heapauxi.o(.text)
    __rt_heap_escrow$2region                 0x0800060f   Thumb Code     2  heapauxi.o(.text)
    __rt_heap_expand$2region                 0x08000611   Thumb Code     2  heapauxi.o(.text)
    __user_setup_stackheap                   0x08000613   Thumb Code    74  sys_stackheap_outer.o(.text)
    exit                                     0x0800065d   Thumb Code    18  exit.o(.text)
    __user_libspace                          0x08000671   Thumb Code     8  libspace.o(.text)
    __user_perproc_libspace                  0x08000671   Thumb Code     0  libspace.o(.text)
    __user_perthread_libspace                0x08000671   Thumb Code     0  libspace.o(.text)
    _sys_exit                                0x08000679   Thumb Code     8  sys_exit.o(.text)
    __I$use$semihosting                      0x08000685   Thumb Code     0  use_no_semi.o(.text)
    __use_no_semihosting_swi                 0x08000685   Thumb Code     2  use_no_semi.o(.text)
    BusFault_Handler                         0x08000687   Thumb Code     2  stm32h7xx_it.o(i.BusFault_Handler)
    __semihosting_library_function           0x08000687   Thumb Code     0  indicate_semi.o(.text)
    DMA1_Stream0_IRQHandler                  0x08000689   Thumb Code     6  stm32h7xx_it.o(i.DMA1_Stream0_IRQHandler)
    DMA1_Stream1_IRQHandler                  0x08000695   Thumb Code     6  stm32h7xx_it.o(i.DMA1_Stream1_IRQHandler)
    DebugMon_Handler                         0x080008b9   Thumb Code     2  stm32h7xx_it.o(i.DebugMon_Handler)
    Error_Handler                            0x080008bb   Thumb Code     4  main.o(i.Error_Handler)
    HAL_DMA_Abort                            0x080008c1   Thumb Code   836  stm32h7xx_hal_dma.o(i.HAL_DMA_Abort)
    HAL_DMA_Abort_IT                         0x08000c21   Thumb Code   602  stm32h7xx_hal_dma.o(i.HAL_DMA_Abort_IT)
    HAL_DMA_IRQHandler                       0x08000ea5   Thumb Code  1756  stm32h7xx_hal_dma.o(i.HAL_DMA_IRQHandler)
    HAL_DMA_Init                             0x0800158d   Thumb Code   922  stm32h7xx_hal_dma.o(i.HAL_DMA_Init)
    HAL_GPIO_Init                            0x08001949   Thumb Code   496  stm32h7xx_hal_gpio.o(i.HAL_GPIO_Init)
    HAL_GetTick                              0x08001b65   Thumb Code     6  stm32h7xx_hal.o(i.HAL_GetTick)
    HAL_IncTick                              0x08001b71   Thumb Code    12  stm32h7xx_hal.o(i.HAL_IncTick)
    HAL_Init                                 0x08001b81   Thumb Code    74  stm32h7xx_hal.o(i.HAL_Init)
    HAL_InitTick                             0x08001bdd   Thumb Code    56  stm32h7xx_hal.o(i.HAL_InitTick)
    HAL_MPU_ConfigRegion                     0x08001c1d   Thumb Code    86  stm32h7xx_hal_cortex.o(i.HAL_MPU_ConfigRegion)
    HAL_MPU_Disable                          0x08001c79   Thumb Code    24  stm32h7xx_hal_cortex.o(i.HAL_MPU_Disable)
    HAL_MPU_Enable                           0x08001c95   Thumb Code    30  stm32h7xx_hal_cortex.o(i.HAL_MPU_Enable)
    HAL_MspInit                              0x08001cb9   Thumb Code    32  stm32h7xx_hal_msp.o(i.HAL_MspInit)
    HAL_NVIC_EnableIRQ                       0x08001cdd   Thumb Code    26  stm32h7xx_hal_cortex.o(i.HAL_NVIC_EnableIRQ)
    HAL_NVIC_SetPriority                     0x08001cf9   Thumb Code    60  stm32h7xx_hal_cortex.o(i.HAL_NVIC_SetPriority)
    HAL_NVIC_SetPriorityGrouping             0x08001d39   Thumb Code    28  stm32h7xx_hal_cortex.o(i.HAL_NVIC_SetPriorityGrouping)
    HAL_PWREx_ConfigSupply                   0x08001d5d   Thumb Code    78  stm32h7xx_hal_pwr_ex.o(i.HAL_PWREx_ConfigSupply)
    HAL_RCCEx_GetD3PCLK1Freq                 0x08001db1   Thumb Code    26  stm32h7xx_hal_rcc_ex.o(i.HAL_RCCEx_GetD3PCLK1Freq)
    HAL_RCCEx_GetPLL2ClockFreq               0x08001dd5   Thumb Code   296  stm32h7xx_hal_rcc_ex.o(i.HAL_RCCEx_GetPLL2ClockFreq)
    HAL_RCCEx_GetPLL3ClockFreq               0x08001f19   Thumb Code   296  stm32h7xx_hal_rcc_ex.o(i.HAL_RCCEx_GetPLL3ClockFreq)
    HAL_RCCEx_PeriphCLKConfig                0x0800205d   Thumb Code  2362  stm32h7xx_hal_rcc_ex.o(i.HAL_RCCEx_PeriphCLKConfig)
    HAL_RCC_ClockConfig                      0x08002999   Thumb Code   580  stm32h7xx_hal_rcc.o(i.HAL_RCC_ClockConfig)
    HAL_RCC_GetHCLKFreq                      0x08002bf5   Thumb Code    52  stm32h7xx_hal_rcc.o(i.HAL_RCC_GetHCLKFreq)
    HAL_RCC_GetPCLK1Freq                     0x08002c39   Thumb Code    26  stm32h7xx_hal_rcc.o(i.HAL_RCC_GetPCLK1Freq)
    HAL_RCC_GetPCLK2Freq                     0x08002c5d   Thumb Code    26  stm32h7xx_hal_rcc.o(i.HAL_RCC_GetPCLK2Freq)
    HAL_RCC_GetSysClockFreq                  0x08002c81   Thumb Code   278  stm32h7xx_hal_rcc.o(i.HAL_RCC_GetSysClockFreq)
    HAL_RCC_OscConfig                        0x08002db9   Thumb Code  1318  stm32h7xx_hal_rcc.o(i.HAL_RCC_OscConfig)
    HAL_SYSTICK_Config                       0x080032df   Thumb Code    38  stm32h7xx_hal_cortex.o(i.HAL_SYSTICK_Config)
    HAL_TIMEx_ConfigBreakDeadTime            0x08003305   Thumb Code   150  stm32h7xx_hal_tim_ex.o(i.HAL_TIMEx_ConfigBreakDeadTime)
    HAL_TIMEx_MasterConfigSynchronization    0x080033a5   Thumb Code   146  stm32h7xx_hal_tim_ex.o(i.HAL_TIMEx_MasterConfigSynchronization)
    HAL_TIM_IC_ConfigChannel                 0x0800345d   Thumb Code   290  stm32h7xx_hal_tim.o(i.HAL_TIM_IC_ConfigChannel)
    HAL_TIM_IC_Init                          0x0800357f   Thumb Code    98  stm32h7xx_hal_tim.o(i.HAL_TIM_IC_Init)
    HAL_TIM_IC_MspInit                       0x080035e1   Thumb Code    90  tim.o(i.HAL_TIM_IC_MspInit)
    HAL_TIM_MspPostInit                      0x08003645   Thumb Code    72  tim.o(i.HAL_TIM_MspPostInit)
    HAL_TIM_PWM_ConfigChannel                0x08003699   Thumb Code   292  stm32h7xx_hal_tim.o(i.HAL_TIM_PWM_ConfigChannel)
    HAL_TIM_PWM_Init                         0x080037bd   Thumb Code    98  stm32h7xx_hal_tim.o(i.HAL_TIM_PWM_Init)
    HAL_TIM_PWM_MspInit                      0x08003821   Thumb Code    30  tim.o(i.HAL_TIM_PWM_MspInit)
    HAL_UARTEx_DisableFifoMode               0x08003849   Thumb Code    64  stm32h7xx_hal_uart_ex.o(i.HAL_UARTEx_DisableFifoMode)
    HAL_UARTEx_RxEventCallback               0x08003889   Thumb Code     2  stm32h7xx_hal_uart.o(i.HAL_UARTEx_RxEventCallback)
    HAL_UARTEx_RxFifoFullCallback            0x0800388b   Thumb Code     2  stm32h7xx_hal_uart_ex.o(i.HAL_UARTEx_RxFifoFullCallback)
    HAL_UARTEx_SetRxFifoThreshold            0x0800388d   Thumb Code    76  stm32h7xx_hal_uart_ex.o(i.HAL_UARTEx_SetRxFifoThreshold)
    HAL_UARTEx_SetTxFifoThreshold            0x080038d9   Thumb Code    76  stm32h7xx_hal_uart_ex.o(i.HAL_UARTEx_SetTxFifoThreshold)
    HAL_UARTEx_TxFifoEmptyCallback           0x08003925   Thumb Code     2  stm32h7xx_hal_uart_ex.o(i.HAL_UARTEx_TxFifoEmptyCallback)
    HAL_UARTEx_WakeupCallback                0x08003927   Thumb Code     2  stm32h7xx_hal_uart_ex.o(i.HAL_UARTEx_WakeupCallback)
    HAL_UART_ErrorCallback                   0x08003929   Thumb Code     2  stm32h7xx_hal_uart.o(i.HAL_UART_ErrorCallback)
    HAL_UART_IRQHandler                      0x0800392d   Thumb Code   878  stm32h7xx_hal_uart.o(i.HAL_UART_IRQHandler)
    HAL_UART_Init                            0x08003cb5   Thumb Code   106  stm32h7xx_hal_uart.o(i.HAL_UART_Init)
    HAL_UART_MspInit                         0x08003d21   Thumb Code   232  usart.o(i.HAL_UART_MspInit)
    HAL_UART_TxCpltCallback                  0x08003e1d   Thumb Code     2  stm32h7xx_hal_uart.o(i.HAL_UART_TxCpltCallback)
    HardFault_Handler                        0x08003e1f   Thumb Code     2  stm32h7xx_it.o(i.HardFault_Handler)
    MX_DMA_Init                              0x08003e21   Thumb Code    56  dma.o(i.MX_DMA_Init)
    MX_FREERTOS_Init                         0x08003e5d   Thumb Code    30  freertos.o(i.MX_FREERTOS_Init)
    MX_GPIO_Init                             0x08003e85   Thumb Code    54  gpio.o(i.MX_GPIO_Init)
    MX_TIM1_Init                             0x08003ec1   Thumb Code   180  tim.o(i.MX_TIM1_Init)
    MX_TIM2_Init                             0x08003f7d   Thumb Code   116  tim.o(i.MX_TIM2_Init)
    MX_USART1_UART_Init                      0x08003ff5   Thumb Code    94  usart.o(i.MX_USART1_UART_Init)
    MemManage_Handler                        0x0800405d   Thumb Code     2  stm32h7xx_it.o(i.MemManage_Handler)
    NMI_Handler                              0x0800405f   Thumb Code     2  stm32h7xx_it.o(i.NMI_Handler)
    StartDefaultTask                         0x080042a1   Thumb Code     8  freertos.o(i.StartDefaultTask)
    SysTick_Handler                          0x080042a9   Thumb Code    24  stm32h7xx_it.o(i.SysTick_Handler)
    SystemClock_Config                       0x080042c1   Thumb Code   146  main.o(i.SystemClock_Config)
    SystemInit                               0x08004359   Thumb Code   158  system_stm32h7xx.o(i.SystemInit)
    TIM_Base_SetConfig                       0x08004419   Thumb Code   188  stm32h7xx_hal_tim.o(i.TIM_Base_SetConfig)
    TIM_OC2_SetConfig                        0x080045a1   Thumb Code   126  stm32h7xx_hal_tim.o(i.TIM_OC2_SetConfig)
    TIM_TI1_SetConfig                        0x08004831   Thumb Code   112  stm32h7xx_hal_tim.o(i.TIM_TI1_SetConfig)
    UART_AdvFeatureConfig                    0x08004941   Thumb Code   200  stm32h7xx_hal_uart.o(i.UART_AdvFeatureConfig)
    UART_CheckIdleState                      0x08004a09   Thumb Code   170  stm32h7xx_hal_uart.o(i.UART_CheckIdleState)
    UART_SetConfig                           0x08004b1d   Thumb Code   914  stm32h7xx_hal_uart.o(i.UART_SetConfig)
    UART_WaitOnFlagUntilTimeout              0x08004ef9   Thumb Code   148  stm32h7xx_hal_uart.o(i.UART_WaitOnFlagUntilTimeout)
    USART1_IRQHandler                        0x08004f8d   Thumb Code     6  stm32h7xx_it.o(i.USART1_IRQHandler)
    UsageFault_Handler                       0x08004f99   Thumb Code     2  stm32h7xx_it.o(i.UsageFault_Handler)
    main                                     0x08004fbd   Thumb Code   114  main.o(i.main)
    osDelay                                  0x0800503d   Thumb Code    14  cmsis_os.o(i.osDelay)
    osKernelStart                            0x0800504b   Thumb Code    10  cmsis_os.o(i.osKernelStart)
    osThreadCreate                           0x08005055   Thumb Code    84  cmsis_os.o(i.osThreadCreate)
    pvPortMalloc                             0x080053fd   Thumb Code   216  heap_4.o(i.pvPortMalloc)
    pxPortInitialiseStack                    0x080054d9   Thumb Code    42  port.o(i.pxPortInitialiseStack)
    uxListRemove                             0x08005509   Thumb Code    38  list.o(i.uxListRemove)
    vApplicationGetIdleTaskMemory            0x08005531   Thumb Code    18  freertos.o(i.vApplicationGetIdleTaskMemory)
    vListInitialise                          0x08005549   Thumb Code    22  list.o(i.vListInitialise)
    vListInitialiseItem                      0x0800555f   Thumb Code     6  list.o(i.vListInitialiseItem)
    vListInsert                              0x08005565   Thumb Code    48  list.o(i.vListInsert)
    vListInsertEnd                           0x08005595   Thumb Code    24  list.o(i.vListInsertEnd)
    vPortEnterCritical                       0x080055ad   Thumb Code    54  port.o(i.vPortEnterCritical)
    vPortExitCritical                        0x080055ed   Thumb Code    34  port.o(i.vPortExitCritical)
    vPortFree                                0x08005615   Thumb Code    94  heap_4.o(i.vPortFree)
    vPortSetupTimerInterrupt                 0x08005679   Thumb Code    32  port.o(i.vPortSetupTimerInterrupt)
    vTaskDelay                               0x0800569d   Thumb Code    66  tasks.o(i.vTaskDelay)
    vTaskStartScheduler                      0x080056e9   Thumb Code    90  tasks.o(i.vTaskStartScheduler)
    vTaskSuspendAll                          0x08005755   Thumb Code    10  tasks.o(i.vTaskSuspendAll)
    vTaskSwitchContext                       0x08005765   Thumb Code    82  tasks.o(i.vTaskSwitchContext)
    xPortStartScheduler                      0x080057c1   Thumb Code   222  port.o(i.xPortStartScheduler)
    xPortSysTickHandler                      0x080058b5   Thumb Code    38  port.o(i.xPortSysTickHandler)
    xTaskCreate                              0x080058e1   Thumb Code    90  tasks.o(i.xTaskCreate)
    xTaskCreateStatic                        0x0800593b   Thumb Code    86  tasks.o(i.xTaskCreateStatic)
    xTaskGetSchedulerState                   0x08005991   Thumb Code    22  tasks.o(i.xTaskGetSchedulerState)
    xTaskIncrementTick                       0x080059ad   Thumb Code   194  tasks.o(i.xTaskIncrementTick)
    xTaskResumeAll                           0x08005a79   Thumb Code   184  tasks.o(i.xTaskResumeAll)
    _fp_init                                 0x08005b3d   Thumb Code    10  fpinit.o(x$fpl$fpinit)
    __fplib_config_fpu_vfp                   0x08005b45   Thumb Code     0  fpinit.o(x$fpl$fpinit)
    __fplib_config_pureend_doubles           0x08005b45   Thumb Code     0  fpinit.o(x$fpl$fpinit)
    UARTPrescTable                           0x08005b6c   Data          24  stm32h7xx_hal_uart.o(.constdata)
    D1CorePrescTable                         0x08005b94   Data          16  system_stm32h7xx.o(.constdata)
    Region$$Table$$Base                      0x08005bb0   Number         0  anon$$obj.o(Region$$Table)
    Region$$Table$$Limit                     0x08005bd0   Number         0  anon$$obj.o(Region$$Table)
    defaultTaskHandle                        0x24000000   Data           4  freertos.o(.data)
    uwTickFreq                               0x24000004   Data           1  stm32h7xx_hal.o(.data)
    uwTickPrio                               0x24000008   Data           4  stm32h7xx_hal.o(.data)
    uwTick                                   0x2400000c   Data           4  stm32h7xx_hal.o(.data)
    SystemCoreClock                          0x24000010   Data           4  system_stm32h7xx.o(.data)
    SystemD2Clock                            0x24000014   Data           4  system_stm32h7xx.o(.data)
    pxCurrentTCB                             0x24000018   Data           4  tasks.o(.data)
    htim1                                    0x240002d4   Data          76  tim.o(.bss)
    htim2                                    0x24000320   Data          76  tim.o(.bss)
    huart1                                   0x2400036c   Data         148  usart.o(.bss)
    hdma_usart1_tx                           0x24000400   Data         120  usart.o(.bss)
    hdma_usart1_rx                           0x24000478   Data         120  usart.o(.bss)
    __libspace_start                         0x240041e0   Data          96  libspace.o(.bss)
    __temporary_stack_top$libspace           0x24004240   Data           0  libspace.o(.bss)



==============================================================================

Memory Map of the image

  Image Entry point : 0x080002cd

  Load Region LR_IROM1 (Base: 0x08000000, Size: 0x00005c50, Max: 0x00100000, ABSOLUTE)

    Execution Region ER_IROM1 (Exec base: 0x08000000, Load base: 0x08000000, Size: 0x00005bd0, Max: 0x00100000, ABSOLUTE)

    Exec Addr    Load Addr    Size         Type   Attr      Idx    E Section Name        Object

    0x08000000   0x08000000   0x000002cc   Data   RO            3    RESET               startup_stm32h723xx.o
    0x080002cc   0x080002cc   0x00000008   Code   RO         5848  * !!!main             c_w.l(__main.o)
    0x080002d4   0x080002d4   0x00000034   Code   RO         6019    !!!scatter          c_w.l(__scatter.o)
    0x08000308   0x08000308   0x0000001a   Code   RO         6021    !!handler_copy      c_w.l(__scatter_copy.o)
    0x08000322   0x08000322   0x00000002   PAD
    0x08000324   0x08000324   0x0000001c   Code   RO         6023    !!handler_zi        c_w.l(__scatter_zi.o)
    0x08000340   0x08000340   0x00000002   Code   RO         5887    .ARM.Collect$$libinit$$00000000  c_w.l(libinit.o)
    0x08000342   0x08000342   0x00000004   Code   RO         5899    .ARM.Collect$$libinit$$00000001  c_w.l(libinit2.o)
    0x08000346   0x08000346   0x00000000   Code   RO         5902    .ARM.Collect$$libinit$$00000004  c_w.l(libinit2.o)
    0x08000346   0x08000346   0x00000000   Code   RO         5905    .ARM.Collect$$libinit$$0000000A  c_w.l(libinit2.o)
    0x08000346   0x08000346   0x00000000   Code   RO         5907    .ARM.Collect$$libinit$$0000000C  c_w.l(libinit2.o)
    0x08000346   0x08000346   0x00000000   Code   RO         5909    .ARM.Collect$$libinit$$0000000E  c_w.l(libinit2.o)
    0x08000346   0x08000346   0x00000000   Code   RO         5912    .ARM.Collect$$libinit$$00000011  c_w.l(libinit2.o)
    0x08000346   0x08000346   0x00000000   Code   RO         5914    .ARM.Collect$$libinit$$00000013  c_w.l(libinit2.o)
    0x08000346   0x08000346   0x00000000   Code   RO         5916    .ARM.Collect$$libinit$$00000015  c_w.l(libinit2.o)
    0x08000346   0x08000346   0x00000000   Code   RO         5918    .ARM.Collect$$libinit$$00000017  c_w.l(libinit2.o)
    0x08000346   0x08000346   0x00000000   Code   RO         5920    .ARM.Collect$$libinit$$00000019  c_w.l(libinit2.o)
    0x08000346   0x08000346   0x00000000   Code   RO         5922    .ARM.Collect$$libinit$$0000001B  c_w.l(libinit2.o)
    0x08000346   0x08000346   0x00000000   Code   RO         5924    .ARM.Collect$$libinit$$0000001D  c_w.l(libinit2.o)
    0x08000346   0x08000346   0x00000000   Code   RO         5926    .ARM.Collect$$libinit$$0000001F  c_w.l(libinit2.o)
    0x08000346   0x08000346   0x00000000   Code   RO         5928    .ARM.Collect$$libinit$$00000021  c_w.l(libinit2.o)
    0x08000346   0x08000346   0x00000000   Code   RO         5930    .ARM.Collect$$libinit$$00000023  c_w.l(libinit2.o)
    0x08000346   0x08000346   0x00000000   Code   RO         5932    .ARM.Collect$$libinit$$00000025  c_w.l(libinit2.o)
    0x08000346   0x08000346   0x00000000   Code   RO         5936    .ARM.Collect$$libinit$$0000002C  c_w.l(libinit2.o)
    0x08000346   0x08000346   0x00000000   Code   RO         5938    .ARM.Collect$$libinit$$0000002E  c_w.l(libinit2.o)
    0x08000346   0x08000346   0x00000000   Code   RO         5940    .ARM.Collect$$libinit$$00000030  c_w.l(libinit2.o)
    0x08000346   0x08000346   0x00000000   Code   RO         5942    .ARM.Collect$$libinit$$00000032  c_w.l(libinit2.o)
    0x08000346   0x08000346   0x00000002   Code   RO         5943    .ARM.Collect$$libinit$$00000033  c_w.l(libinit2.o)
    0x08000348   0x08000348   0x00000002   Code   RO         5974    .ARM.Collect$$libshutdown$$00000000  c_w.l(libshutdown.o)
    0x0800034a   0x0800034a   0x00000000   Code   RO         6000    .ARM.Collect$$libshutdown$$00000002  c_w.l(libshutdown2.o)
    0x0800034a   0x0800034a   0x00000000   Code   RO         6002    .ARM.Collect$$libshutdown$$00000004  c_w.l(libshutdown2.o)
    0x0800034a   0x0800034a   0x00000000   Code   RO         6004    .ARM.Collect$$libshutdown$$00000006  c_w.l(libshutdown2.o)
    0x0800034a   0x0800034a   0x00000000   Code   RO         6007    .ARM.Collect$$libshutdown$$00000009  c_w.l(libshutdown2.o)
    0x0800034a   0x0800034a   0x00000000   Code   RO         6010    .ARM.Collect$$libshutdown$$0000000C  c_w.l(libshutdown2.o)
    0x0800034a   0x0800034a   0x00000000   Code   RO         6012    .ARM.Collect$$libshutdown$$0000000E  c_w.l(libshutdown2.o)
    0x0800034a   0x0800034a   0x00000000   Code   RO         6015    .ARM.Collect$$libshutdown$$00000011  c_w.l(libshutdown2.o)
    0x0800034a   0x0800034a   0x00000002   Code   RO         6016    .ARM.Collect$$libshutdown$$00000012  c_w.l(libshutdown2.o)
    0x0800034c   0x0800034c   0x00000000   Code   RO         5850    .ARM.Collect$$rtentry$$00000000  c_w.l(__rtentry.o)
    0x0800034c   0x0800034c   0x00000000   Code   RO         5858    .ARM.Collect$$rtentry$$00000002  c_w.l(__rtentry2.o)
    0x0800034c   0x0800034c   0x00000006   Code   RO         5870    .ARM.Collect$$rtentry$$00000004  c_w.l(__rtentry4.o)
    0x08000352   0x08000352   0x00000000   Code   RO         5860    .ARM.Collect$$rtentry$$00000009  c_w.l(__rtentry2.o)
    0x08000352   0x08000352   0x00000004   Code   RO         5861    .ARM.Collect$$rtentry$$0000000A  c_w.l(__rtentry2.o)
    0x08000356   0x08000356   0x00000000   Code   RO         5863    .ARM.Collect$$rtentry$$0000000C  c_w.l(__rtentry2.o)
    0x08000356   0x08000356   0x00000008   Code   RO         5864    .ARM.Collect$$rtentry$$0000000D  c_w.l(__rtentry2.o)
    0x0800035e   0x0800035e   0x00000002   Code   RO         5891    .ARM.Collect$$rtexit$$00000000  c_w.l(rtexit.o)
    0x08000360   0x08000360   0x00000000   Code   RO         5947    .ARM.Collect$$rtexit$$00000002  c_w.l(rtexit2.o)
    0x08000360   0x08000360   0x00000004   Code   RO         5948    .ARM.Collect$$rtexit$$00000003  c_w.l(rtexit2.o)
    0x08000364   0x08000364   0x00000006   Code   RO         5949    .ARM.Collect$$rtexit$$00000004  c_w.l(rtexit2.o)
    0x0800036a   0x0800036a   0x00000002   PAD
    0x0800036c   0x0800036c   0x000000be   Code   RO         5757    .emb_text           port.o
    0x0800042a   0x0800042a   0x00000002   PAD
    0x0800042c   0x0800042c   0x00000040   Code   RO            4    .text               startup_stm32h723xx.o
    0x0800046c   0x0800046c   0x000000ee   Code   RO         5836    .text               c_w.l(lludivv7m.o)
    0x0800055a   0x0800055a   0x00000064   Code   RO         5840    .text               c_w.l(rt_memcpy_w.o)
    0x080005be   0x080005be   0x0000004e   Code   RO         5844    .text               c_w.l(rt_memclr_w.o)
    0x0800060c   0x0800060c   0x00000006   Code   RO         5846    .text               c_w.l(heapauxi.o)
    0x08000612   0x08000612   0x0000004a   Code   RO         5874    .text               c_w.l(sys_stackheap_outer.o)
    0x0800065c   0x0800065c   0x00000012   Code   RO         5876    .text               c_w.l(exit.o)
    0x0800066e   0x0800066e   0x00000002   PAD
    0x08000670   0x08000670   0x00000008   Code   RO         5888    .text               c_w.l(libspace.o)
    0x08000678   0x08000678   0x0000000c   Code   RO         5944    .text               c_w.l(sys_exit.o)
    0x08000684   0x08000684   0x00000002   Code   RO         5963    .text               c_w.l(use_no_semi.o)
    0x08000686   0x08000686   0x00000000   Code   RO         5965    .text               c_w.l(indicate_semi.o)
    0x08000686   0x08000686   0x00000002   Code   RO          426    i.BusFault_Handler  stm32h7xx_it.o
    0x08000688   0x08000688   0x0000000c   Code   RO          427    i.DMA1_Stream0_IRQHandler  stm32h7xx_it.o
    0x08000694   0x08000694   0x0000000c   Code   RO          428    i.DMA1_Stream1_IRQHandler  stm32h7xx_it.o
    0x080006a0   0x080006a0   0x000000b4   Code   RO         1305    i.DMA_CalcBaseAndBitshift  stm32h7xx_hal_dma.o
    0x08000754   0x08000754   0x0000009c   Code   RO         1306    i.DMA_CalcDMAMUXChannelBaseAndMask  stm32h7xx_hal_dma.o
    0x080007f0   0x080007f0   0x00000074   Code   RO         1307    i.DMA_CalcDMAMUXRequestGenBaseAndMask  stm32h7xx_hal_dma.o
    0x08000864   0x08000864   0x00000054   Code   RO         1308    i.DMA_CheckFifoParam  stm32h7xx_hal_dma.o
    0x080008b8   0x080008b8   0x00000002   Code   RO          429    i.DebugMon_Handler  stm32h7xx_it.o
    0x080008ba   0x080008ba   0x00000004   Code   RO           13    i.Error_Handler     main.o
    0x080008be   0x080008be   0x00000002   PAD
    0x080008c0   0x080008c0   0x00000360   Code   RO         1310    i.HAL_DMA_Abort     stm32h7xx_hal_dma.o
    0x08000c20   0x08000c20   0x00000284   Code   RO         1311    i.HAL_DMA_Abort_IT  stm32h7xx_hal_dma.o
    0x08000ea4   0x08000ea4   0x000006e8   Code   RO         1315    i.HAL_DMA_IRQHandler  stm32h7xx_hal_dma.o
    0x0800158c   0x0800158c   0x000003bc   Code   RO         1316    i.HAL_DMA_Init      stm32h7xx_hal_dma.o
    0x08001948   0x08001948   0x0000021c   Code   RO         1158    i.HAL_GPIO_Init     stm32h7xx_hal_gpio.o
    0x08001b64   0x08001b64   0x0000000c   Code   RO         2023    i.HAL_GetTick       stm32h7xx_hal.o
    0x08001b70   0x08001b70   0x00000010   Code   RO         2029    i.HAL_IncTick       stm32h7xx_hal.o
    0x08001b80   0x08001b80   0x0000005c   Code   RO         2030    i.HAL_Init          stm32h7xx_hal.o
    0x08001bdc   0x08001bdc   0x00000040   Code   RO         2031    i.HAL_InitTick      stm32h7xx_hal.o
    0x08001c1c   0x08001c1c   0x0000005c   Code   RO          533    i.HAL_MPU_ConfigRegion  stm32h7xx_hal_cortex.o
    0x08001c78   0x08001c78   0x0000001c   Code   RO          534    i.HAL_MPU_Disable   stm32h7xx_hal_cortex.o
    0x08001c94   0x08001c94   0x00000024   Code   RO          536    i.HAL_MPU_Enable    stm32h7xx_hal_cortex.o
    0x08001cb8   0x08001cb8   0x00000024   Code   RO          508    i.HAL_MspInit       stm32h7xx_hal_msp.o
    0x08001cdc   0x08001cdc   0x0000001a   Code   RO          540    i.HAL_NVIC_EnableIRQ  stm32h7xx_hal_cortex.o
    0x08001cf6   0x08001cf6   0x00000002   PAD
    0x08001cf8   0x08001cf8   0x00000040   Code   RO          546    i.HAL_NVIC_SetPriority  stm32h7xx_hal_cortex.o
    0x08001d38   0x08001d38   0x00000024   Code   RO          547    i.HAL_NVIC_SetPriorityGrouping  stm32h7xx_hal_cortex.o
    0x08001d5c   0x08001d5c   0x00000054   Code   RO         1759    i.HAL_PWREx_ConfigSupply  stm32h7xx_hal_pwr_ex.o
    0x08001db0   0x08001db0   0x00000024   Code   RO          801    i.HAL_RCCEx_GetD3PCLK1Freq  stm32h7xx_hal_rcc_ex.o
    0x08001dd4   0x08001dd4   0x00000144   Code   RO          803    i.HAL_RCCEx_GetPLL2ClockFreq  stm32h7xx_hal_rcc_ex.o
    0x08001f18   0x08001f18   0x00000144   Code   RO          804    i.HAL_RCCEx_GetPLL3ClockFreq  stm32h7xx_hal_rcc_ex.o
    0x0800205c   0x0800205c   0x0000093a   Code   RO          810    i.HAL_RCCEx_PeriphCLKConfig  stm32h7xx_hal_rcc_ex.o
    0x08002996   0x08002996   0x00000002   PAD
    0x08002998   0x08002998   0x0000025c   Code   RO          686    i.HAL_RCC_ClockConfig  stm32h7xx_hal_rcc.o
    0x08002bf4   0x08002bf4   0x00000044   Code   RO          691    i.HAL_RCC_GetHCLKFreq  stm32h7xx_hal_rcc.o
    0x08002c38   0x08002c38   0x00000024   Code   RO          693    i.HAL_RCC_GetPCLK1Freq  stm32h7xx_hal_rcc.o
    0x08002c5c   0x08002c5c   0x00000024   Code   RO          694    i.HAL_RCC_GetPCLK2Freq  stm32h7xx_hal_rcc.o
    0x08002c80   0x08002c80   0x00000138   Code   RO          695    i.HAL_RCC_GetSysClockFreq  stm32h7xx_hal_rcc.o
    0x08002db8   0x08002db8   0x00000526   Code   RO          698    i.HAL_RCC_OscConfig  stm32h7xx_hal_rcc.o
    0x080032de   0x080032de   0x00000026   Code   RO          551    i.HAL_SYSTICK_Config  stm32h7xx_hal_cortex.o
    0x08003304   0x08003304   0x000000a0   Code   RO         3666    i.HAL_TIMEx_ConfigBreakDeadTime  stm32h7xx_hal_tim_ex.o
    0x080033a4   0x080033a4   0x000000b8   Code   RO         3685    i.HAL_TIMEx_MasterConfigSynchronization  stm32h7xx_hal_tim_ex.o
    0x0800345c   0x0800345c   0x00000122   Code   RO         2984    i.HAL_TIM_IC_ConfigChannel  stm32h7xx_hal_tim.o
    0x0800357e   0x0800357e   0x00000062   Code   RO         2987    i.HAL_TIM_IC_Init   stm32h7xx_hal_tim.o
    0x080035e0   0x080035e0   0x00000064   Code   RO          319    i.HAL_TIM_IC_MspInit  tim.o
    0x08003644   0x08003644   0x00000054   Code   RO          320    i.HAL_TIM_MspPostInit  tim.o
    0x08003698   0x08003698   0x00000124   Code   RO         3020    i.HAL_TIM_PWM_ConfigChannel  stm32h7xx_hal_tim.o
    0x080037bc   0x080037bc   0x00000062   Code   RO         3023    i.HAL_TIM_PWM_Init  stm32h7xx_hal_tim.o
    0x0800381e   0x0800381e   0x00000002   PAD
    0x08003820   0x08003820   0x00000028   Code   RO          322    i.HAL_TIM_PWM_MspInit  tim.o
    0x08003848   0x08003848   0x00000040   Code   RO         4385    i.HAL_UARTEx_DisableFifoMode  stm32h7xx_hal_uart_ex.o
    0x08003888   0x08003888   0x00000002   Code   RO         3974    i.HAL_UARTEx_RxEventCallback  stm32h7xx_hal_uart.o
    0x0800388a   0x0800388a   0x00000002   Code   RO         4393    i.HAL_UARTEx_RxFifoFullCallback  stm32h7xx_hal_uart_ex.o
    0x0800388c   0x0800388c   0x0000004c   Code   RO         4394    i.HAL_UARTEx_SetRxFifoThreshold  stm32h7xx_hal_uart_ex.o
    0x080038d8   0x080038d8   0x0000004c   Code   RO         4395    i.HAL_UARTEx_SetTxFifoThreshold  stm32h7xx_hal_uart_ex.o
    0x08003924   0x08003924   0x00000002   Code   RO         4397    i.HAL_UARTEx_TxFifoEmptyCallback  stm32h7xx_hal_uart_ex.o
    0x08003926   0x08003926   0x00000002   Code   RO         4398    i.HAL_UARTEx_WakeupCallback  stm32h7xx_hal_uart_ex.o
    0x08003928   0x08003928   0x00000002   Code   RO         3990    i.HAL_UART_ErrorCallback  stm32h7xx_hal_uart.o
    0x0800392a   0x0800392a   0x00000002   PAD
    0x0800392c   0x0800392c   0x00000388   Code   RO         3993    i.HAL_UART_IRQHandler  stm32h7xx_hal_uart.o
    0x08003cb4   0x08003cb4   0x0000006a   Code   RO         3994    i.HAL_UART_Init     stm32h7xx_hal_uart.o
    0x08003d1e   0x08003d1e   0x00000002   PAD
    0x08003d20   0x08003d20   0x000000fc   Code   RO          385    i.HAL_UART_MspInit  usart.o
    0x08003e1c   0x08003e1c   0x00000002   Code   RO         4006    i.HAL_UART_TxCpltCallback  stm32h7xx_hal_uart.o
    0x08003e1e   0x08003e1e   0x00000002   Code   RO          430    i.HardFault_Handler  stm32h7xx_it.o
    0x08003e20   0x08003e20   0x0000003c   Code   RO          294    i.MX_DMA_Init       dma.o
    0x08003e5c   0x08003e5c   0x00000028   Code   RO          244    i.MX_FREERTOS_Init  freertos.o
    0x08003e84   0x08003e84   0x0000003c   Code   RO          220    i.MX_GPIO_Init      gpio.o
    0x08003ec0   0x08003ec0   0x000000bc   Code   RO          323    i.MX_TIM1_Init      tim.o
    0x08003f7c   0x08003f7c   0x00000078   Code   RO          324    i.MX_TIM2_Init      tim.o
    0x08003ff4   0x08003ff4   0x00000068   Code   RO          386    i.MX_USART1_UART_Init  usart.o
    0x0800405c   0x0800405c   0x00000002   Code   RO          431    i.MemManage_Handler  stm32h7xx_it.o
    0x0800405e   0x0800405e   0x00000002   Code   RO          432    i.NMI_Handler       stm32h7xx_it.o
    0x08004060   0x08004060   0x00000120   Code   RO          813    i.RCCEx_PLL2_Config  stm32h7xx_hal_rcc_ex.o
    0x08004180   0x08004180   0x00000120   Code   RO          814    i.RCCEx_PLL3_Config  stm32h7xx_hal_rcc_ex.o
    0x080042a0   0x080042a0   0x00000008   Code   RO          245    i.StartDefaultTask  freertos.o
    0x080042a8   0x080042a8   0x00000018   Code   RO          433    i.SysTick_Handler   stm32h7xx_it.o
    0x080042c0   0x080042c0   0x00000098   Code   RO           14    i.SystemClock_Config  main.o
    0x08004358   0x08004358   0x000000c0   Code   RO         4504    i.SystemInit        system_stm32h7xx.o
    0x08004418   0x08004418   0x000000e4   Code   RO         3041    i.TIM_Base_SetConfig  stm32h7xx_hal_tim.o
    0x080044fc   0x080044fc   0x000000a4   Code   RO         3054    i.TIM_OC1_SetConfig  stm32h7xx_hal_tim.o
    0x080045a0   0x080045a0   0x00000098   Code   RO         3055    i.TIM_OC2_SetConfig  stm32h7xx_hal_tim.o
    0x08004638   0x08004638   0x00000098   Code   RO         3056    i.TIM_OC3_SetConfig  stm32h7xx_hal_tim.o
    0x080046d0   0x080046d0   0x00000078   Code   RO         3057    i.TIM_OC4_SetConfig  stm32h7xx_hal_tim.o
    0x08004748   0x08004748   0x00000074   Code   RO         3058    i.TIM_OC5_SetConfig  stm32h7xx_hal_tim.o
    0x080047bc   0x080047bc   0x00000074   Code   RO         3059    i.TIM_OC6_SetConfig  stm32h7xx_hal_tim.o
    0x08004830   0x08004830   0x00000094   Code   RO         3062    i.TIM_TI1_SetConfig  stm32h7xx_hal_tim.o
    0x080048c4   0x080048c4   0x00000036   Code   RO         3064    i.TIM_TI2_SetConfig  stm32h7xx_hal_tim.o
    0x080048fa   0x080048fa   0x00000002   PAD
    0x080048fc   0x080048fc   0x00000044   Code   RO         4399    i.UARTEx_SetNbDataToProcess  stm32h7xx_hal_uart_ex.o
    0x08004940   0x08004940   0x000000c8   Code   RO         4008    i.UART_AdvFeatureConfig  stm32h7xx_hal_uart.o
    0x08004a08   0x08004a08   0x000000aa   Code   RO         4009    i.UART_CheckIdleState  stm32h7xx_hal_uart.o
    0x08004ab2   0x08004ab2   0x00000014   Code   RO         4010    i.UART_DMAAbortOnError  stm32h7xx_hal_uart.o
    0x08004ac6   0x08004ac6   0x00000002   PAD
    0x08004ac8   0x08004ac8   0x00000054   Code   RO         4020    i.UART_EndRxTransfer  stm32h7xx_hal_uart.o
    0x08004b1c   0x08004b1c   0x000003dc   Code   RO         4026    i.UART_SetConfig    stm32h7xx_hal_uart.o
    0x08004ef8   0x08004ef8   0x00000094   Code   RO         4033    i.UART_WaitOnFlagUntilTimeout  stm32h7xx_hal_uart.o
    0x08004f8c   0x08004f8c   0x0000000c   Code   RO          434    i.USART1_IRQHandler  stm32h7xx_it.o
    0x08004f98   0x08004f98   0x00000002   Code   RO          435    i.UsageFault_Handler  stm32h7xx_it.o
    0x08004f9a   0x08004f9a   0x00000022   Code   RO          553    i.__NVIC_SetPriority  stm32h7xx_hal_cortex.o
    0x08004fbc   0x08004fbc   0x00000072   Code   RO           15    i.main              main.o
    0x0800502e   0x0800502e   0x0000000e   Code   RO         5323    i.makeFreeRtosPriority  cmsis_os.o
    0x0800503c   0x0800503c   0x0000000e   Code   RO         5325    i.osDelay           cmsis_os.o
    0x0800504a   0x0800504a   0x0000000a   Code   RO         5328    i.osKernelStart     cmsis_os.o
    0x08005054   0x08005054   0x00000054   Code   RO         5362    i.osThreadCreate    cmsis_os.o
    0x080050a8   0x080050a8   0x00000070   Code   RO         5005    i.prvAddCurrentTaskToDelayedList  tasks.o
    0x08005118   0x08005118   0x000000d0   Code   RO         5006    i.prvAddNewTaskToReadyList  tasks.o
    0x080051e8   0x080051e8   0x00000034   Code   RO         5007    i.prvDeleteTCB      tasks.o
    0x0800521c   0x0800521c   0x00000050   Code   RO         5690    i.prvHeapInit       heap_4.o
    0x0800526c   0x0800526c   0x00000060   Code   RO         5008    i.prvIdleTask       tasks.o
    0x080052cc   0x080052cc   0x0000009a   Code   RO         5009    i.prvInitialiseNewTask  tasks.o
    0x08005366   0x08005366   0x00000002   PAD
    0x08005368   0x08005368   0x0000004c   Code   RO         5691    i.prvInsertBlockIntoFreeList  heap_4.o
    0x080053b4   0x080053b4   0x00000020   Code   RO         5010    i.prvResetNextTaskUnblockTime  tasks.o
    0x080053d4   0x080053d4   0x00000028   Code   RO         5758    i.prvTaskExitError  port.o
    0x080053fc   0x080053fc   0x000000dc   Code   RO         5692    i.pvPortMalloc      heap_4.o
    0x080054d8   0x080054d8   0x00000030   Code   RO         5759    i.pxPortInitialiseStack  port.o
    0x08005508   0x08005508   0x00000026   Code   RO         4641    i.uxListRemove      list.o
    0x0800552e   0x0800552e   0x00000002   PAD
    0x08005530   0x08005530   0x00000018   Code   RO          246    i.vApplicationGetIdleTaskMemory  freertos.o
    0x08005548   0x08005548   0x00000016   Code   RO         4642    i.vListInitialise   list.o
    0x0800555e   0x0800555e   0x00000006   Code   RO         4643    i.vListInitialiseItem  list.o
    0x08005564   0x08005564   0x00000030   Code   RO         4644    i.vListInsert       list.o
    0x08005594   0x08005594   0x00000018   Code   RO         4645    i.vListInsertEnd    list.o
    0x080055ac   0x080055ac   0x00000040   Code   RO         5761    i.vPortEnterCritical  port.o
    0x080055ec   0x080055ec   0x00000028   Code   RO         5762    i.vPortExitCritical  port.o
    0x08005614   0x08005614   0x00000064   Code   RO         5693    i.vPortFree         heap_4.o
    0x08005678   0x08005678   0x00000024   Code   RO         5763    i.vPortSetupTimerInterrupt  port.o
    0x0800569c   0x0800569c   0x0000004c   Code   RO         5019    i.vTaskDelay        tasks.o
    0x080056e8   0x080056e8   0x0000006c   Code   RO         5032    i.vTaskStartScheduler  tasks.o
    0x08005754   0x08005754   0x00000010   Code   RO         5034    i.vTaskSuspendAll   tasks.o
    0x08005764   0x08005764   0x0000005c   Code   RO         5035    i.vTaskSwitchContext  tasks.o
    0x080057c0   0x080057c0   0x000000f4   Code   RO         5765    i.xPortStartScheduler  port.o
    0x080058b4   0x080058b4   0x0000002c   Code   RO         5766    i.xPortSysTickHandler  port.o
    0x080058e0   0x080058e0   0x0000005a   Code   RO         5038    i.xTaskCreate       tasks.o
    0x0800593a   0x0800593a   0x00000056   Code   RO         5039    i.xTaskCreateStatic  tasks.o
    0x08005990   0x08005990   0x0000001c   Code   RO         5043    i.xTaskGetSchedulerState  tasks.o
    0x080059ac   0x080059ac   0x000000cc   Code   RO         5046    i.xTaskIncrementTick  tasks.o
    0x08005a78   0x08005a78   0x000000c4   Code   RO         5052    i.xTaskResumeAll    tasks.o
    0x08005b3c   0x08005b3c   0x0000000a   Code   RO         5959    x$fpl$fpinit        fz_wv.l(fpinit.o)
    0x08005b46   0x08005b46   0x00000002   PAD
    0x08005b48   0x08005b48   0x0000001c   Data   RO          248    .constdata          freertos.o
    0x08005b64   0x08005b64   0x00000008   Data   RO         1322    .constdata          stm32h7xx_hal_dma.o
    0x08005b6c   0x08005b6c   0x00000018   Data   RO         4034    .constdata          stm32h7xx_hal_uart.o
    0x08005b84   0x08005b84   0x00000010   Data   RO         4400    .constdata          stm32h7xx_hal_uart_ex.o
    0x08005b94   0x08005b94   0x00000010   Data   RO         4505    .constdata          system_stm32h7xx.o
    0x08005ba4   0x08005ba4   0x0000000c   Data   RO          249    .conststring        freertos.o
    0x08005bb0   0x08005bb0   0x00000020   Data   RO         6017    Region$$Table       anon$$obj.o


    Execution Region RW_IRAM1 (Exec base: 0x20000000, Load base: 0x08005bd0, Size: 0x00000000, Max: 0x00020000, ABSOLUTE)

    **** No section assigned to this execution region ****


    Execution Region RW_IRAM2 (Exec base: 0x24000000, Load base: 0x08005bd0, Size: 0x00004840, Max: 0x00050000, ABSOLUTE)

    Exec Addr    Load Addr    Size         Type   Attr      Idx    E Section Name        Object

    0x24000000   0x08005bd0   0x00000004   Data   RW          250    .data               freertos.o
    0x24000004   0x08005bd4   0x0000000c   Data   RW         2054    .data               stm32h7xx_hal.o
    0x24000010   0x08005be0   0x00000008   Data   RW         4506    .data               system_stm32h7xx.o
    0x24000018   0x08005be8   0x0000003c   Data   RW         5055    .data               tasks.o
    0x24000054   0x08005c24   0x00000020   Data   RW         5699    .data               heap_4.o
    0x24000074   0x08005c44   0x0000000c   Data   RW         5767    .data               port.o
    0x24000080        -       0x00000254   Zero   RW          247    .bss                freertos.o
    0x240002d4        -       0x00000098   Zero   RW          325    .bss                tim.o
    0x2400036c        -       0x00000184   Zero   RW          387    .bss                usart.o
    0x240004f0        -       0x000000f0   Zero   RW         5054    .bss                tasks.o
    0x240005e0        -       0x00003c00   Zero   RW         5698    .bss                heap_4.o
    0x240041e0        -       0x00000060   Zero   RW         5889    .bss                c_w.l(libspace.o)
    0x24004240        -       0x00000200   Zero   RW            2    HEAP                startup_stm32h723xx.o
    0x24004440        -       0x00000400   Zero   RW            1    STACK               startup_stm32h723xx.o


==============================================================================

Image component sizes


      Code (inc. data)   RO Data    RW Data    ZI Data      Debug   Object Name

       122          0          0          0          0      23557   cmsis_os.o
        60          4          0          0          0        930   dma.o
         0          0          0          0          0      16972   event_groups.o
        72         16         40          4        596       2646   freertos.o
        60          6          0          0          0        967   gpio.o
       476         24          0         32      15360       7639   heap_4.o
       138          0          0          0          0       3774   list.o
       270          6          0          0          0    1218596   main.o
       706         74          0         12          0      11260   port.o
        64         26        716          0       1536        856   startup_stm32h723xx.o
       184         36          0         12          0      23145   stm32h7xx_hal.o
       354         28          0          0          0      42025   stm32h7xx_hal_cortex.o
      4768        176          8          0          0      10031   stm32h7xx_hal_dma.o
       540         44          0          0          0       1676   stm32h7xx_hal_gpio.o
        36          4          0          0          0        974   stm32h7xx_hal_msp.o
        84          6          0          0          0        801   stm32h7xx_hal_pwr_ex.o
      2374        102          0          0          0       7220   stm32h7xx_hal_rcc.o
      3622        112          0          0          0       7905   stm32h7xx_hal_rcc_ex.o
      2028        228          0          0          0      12359   stm32h7xx_hal_tim.o
       344         48          0          0          0       2540   stm32h7xx_hal_tim_ex.o
      2626        148         24          0          0      30212   stm32h7xx_hal_uart.o
       290          6         16          0          0       5622   stm32h7xx_hal_uart_ex.o
        72         18          0          0          0       4867   stm32h7xx_it.o
         0          0          0          0          0        440   stream_buffer.o
       192         34         16          8          0       1558   system_stm32h7xx.o
      1550        116          0         60        240      20547   tasks.o
       532         44          0          0        152       4013   tim.o
       356         30          0          0        388       2204   usart.o

    ----------------------------------------------------------------------
     21942       1336        852        128      18272    1465336   Object Totals
         0          0         32          0          0          0   (incl. Generated)
        22          0          0          0          0          0   (incl. Padding)

    ----------------------------------------------------------------------

      Code (inc. data)   RO Data    RW Data    ZI Data      Debug   Library Member Name

         8          0          0          0          0         68   __main.o
         0          0          0          0          0          0   __rtentry.o
        12          0          0          0          0          0   __rtentry2.o
         6          0          0          0          0          0   __rtentry4.o
        52          8          0          0          0          0   __scatter.o
        26          0          0          0          0          0   __scatter_copy.o
        28          0          0          0          0          0   __scatter_zi.o
        18          0          0          0          0         80   exit.o
         6          0          0          0          0        152   heapauxi.o
         0          0          0          0          0          0   indicate_semi.o
         2          0          0          0          0          0   libinit.o
         6          0          0          0          0          0   libinit2.o
         2          0          0          0          0          0   libshutdown.o
         2          0          0          0          0          0   libshutdown2.o
         8          4          0          0         96         68   libspace.o
       238          0          0          0          0        100   lludivv7m.o
        78          0          0          0          0         80   rt_memclr_w.o
       100          0          0          0          0         80   rt_memcpy_w.o
         2          0          0          0          0          0   rtexit.o
        10          0          0          0          0          0   rtexit2.o
        12          4          0          0          0         68   sys_exit.o
        74          0          0          0          0         80   sys_stackheap_outer.o
         2          0          0          0          0         68   use_no_semi.o
        10          0          0          0          0        116   fpinit.o

    ----------------------------------------------------------------------
       710         16          0          0         96        960   Library Totals
         8          0          0          0          0          0   (incl. Padding)

    ----------------------------------------------------------------------

      Code (inc. data)   RO Data    RW Data    ZI Data      Debug   Library Name

       692         16          0          0         96        844   c_w.l
        10          0          0          0          0        116   fz_wv.l

    ----------------------------------------------------------------------
       710         16          0          0         96        960   Library Totals

    ----------------------------------------------------------------------

==============================================================================


      Code (inc. data)   RO Data    RW Data    ZI Data      Debug   

     22652       1352        852        128      18368    1453884   Grand Totals
     22652       1352        852        128      18368    1453884   ELF Image Totals
     22652       1352        852        128          0          0   ROM Totals

==============================================================================

    Total RO  Size (Code + RO Data)                23504 (  22.95kB)
    Total RW  Size (RW Data + ZI Data)             18496 (  18.06kB)
    Total ROM Size (Code + RO Data + RW Data)      23632 (  23.08kB)

==============================================================================

